 PWManager

 Timestamp is 4fd11970 (Thu Jun 07 17:13:20 2012)

 Preferred load address is 00400000

 Start         Length     Name                   Class
 0001:00000000 00035dfaH .textbss                DATA
 0002:00000000 0006e9daH .text                   CODE
 0002:0006e9e0 00001d44H .text$x                 CODE
 0002:00070730 00001143H .text$yc                CODE
 0002:00071880 0000115aH .text$yd                CODE
 0003:00000000 00000104H .CRT$XCA                DATA
 0003:00000104 0000010eH .CRT$XCU                DATA
 0003:00000214 00000104H .CRT$XCZ                DATA
 0003:00000318 00000104H .CRT$XIA                DATA
 0003:0000041c 00000113H .CRT$XIC                DATA
 0003:00000530 00000104H .CRT$XIY                DATA
 0003:00000634 00000104H .CRT$XIZ                DATA
 0003:00000738 00000104H .CRT$XPA                DATA
 0003:0000083c 00000109H .CRT$XPX                DATA
 0003:00000948 00000104H .CRT$XPXA               DATA
 0003:00000a4c 00000104H .CRT$XPZ                DATA
 0003:00000b50 00000104H .CRT$XTA                DATA
 0003:00000c54 00000104H .CRT$XTZ                DATA
 0003:00000d60 000110ccH .rdata                  DATA
 0003:00011e2c 0000015cH .rdata$debug            DATA
 0003:00011f88 000008f6H .rdata$r                DATA
 0003:00012880 00000104H .rtc$IAA                DATA
 0003:00012984 00000104H .rtc$IMZ                DATA
 0003:00012a88 00000104H .rtc$IZZ                DATA
 0003:00012b8c 00000104H .rtc$TAA                DATA
 0003:00012c90 00000104H .rtc$TMZ                DATA
 0003:00012d94 00000104H .rtc$TZZ                DATA
 0003:00012e98 00001b16H .xdata$x                DATA
 0003:000149ae 00000000H .edata                  DATA
 0004:00000000 00001a2eH .data                   DATA
 0004:00001a40 000026c4H .bss                    DATA
 0005:00000000 000000a0H .idata$2                DATA
 0005:000000a0 00000014H .idata$3                DATA
 0005:000000b4 000004c4H .idata$4                DATA
 0005:00000578 000004c4H .idata$5                DATA
 0005:00000a3c 00000f30H .idata$6                DATA
 0006:00000000 00000456H .rsrc$01                DATA
 0006:00000460 000057ecH .rsrc$02                DATA

  Address         Publics by Value              Rva+Base       Lib:Object

 0000:00000000       __except_list              00000000     <absolute>
 0000:00000000       ___safe_se_handler_table   00000000     <absolute>
 0000:00000000       ___safe_se_handler_count   00000000     <absolute>
 0000:00000000       ___ImageBase               00400000     <linker-defined>
 0001:00000000       __enc$textbss$begin        00401000     <linker-defined>
 0001:00035dfa       __enc$textbss$end          00436dfa     <linker-defined>
 0002:000035a0       ??_H@YGXPAXIHP6EPAX0@Z@Z   0043a5a0 f i util.obj
 0002:00003610       ?dbgout@@YAXPADZZ          0043a610 f   util.obj
 0002:00003730       ??0string@@QAE@XZ          0043a730 f i util.obj
 0002:00003780       ??1string@@QAE@XZ          0043a780 f i util.obj
 0002:000037d0       ?clean@string@@IAEXXZ      0043a7d0 f i util.obj
 0002:00003890       ??Bstring@@QAEPA_WXZ       0043a890 f i util.obj
 0002:000039e0       ?strsize@string@@QAEPADH@Z 0043a9e0 f i util.obj
 0002:00003a70       ?time_compare@@YAHAAUdvrtime@@0@Z 0043aa70 f   util.obj
 0002:00003b80       ?time_timedvr@@YAPAUdvrtime@@PAU_SYSTEMTIME@@PAU1@@Z 0043ab80 f   util.obj
 0002:00003c30       ?time_dvrtime@@YAPAU_SYSTEMTIME@@PAUdvrtime@@PAU1@@Z 0043ac30 f   util.obj
 0002:00003cf0       ??G@YAHAAUdvrtime@@0@Z     0043acf0 f   util.obj
 0002:00003e60       ?time_add@@YAXAAUdvrtime@@H@Z 0043ae60 f   util.obj
 0002:00003fc0       ?getfilepath@@YAHAAVstring@@@Z 0043afc0 f   util.obj
 0002:000041b0       ??4string@@QAEAAV0@PBD@Z   0043b1b0 f i util.obj
 0002:00004210       ?set@string@@IAEXPBD@Z     0043b210 f i util.obj
 0002:000042d0       ??Bstring@@QAEPADXZ        0043b2d0 f i util.obj
 0002:00004400       ?tcssize@string@@QAEPA_WH@Z 0043b400 f i util.obj
 0002:00004460       ?wcssize@string@@QAEPA_WH@Z 0043b460 f i util.obj
 0002:00004510       ?loadimage@@YAPAVBitmap@Gdiplus@@PB_W@Z 0043b510 f   util.obj
 0002:00004a10       ??0string@@QAE@PB_W@Z      0043ba10 f i util.obj
 0002:00004a90       ?set@string@@IAEXPB_W@Z    0043ba90 f i util.obj
 0002:00004b60       ?strstr@@YAPADPADPBD@Z     0043bb60 f i util.obj
 0002:00004bc0       ?GetLastStatus@Image@Gdiplus@@QBE?AW4Status@2@XZ 0043bbc0 f i util.obj
 0002:00004c10       ?FromStream@Bitmap@Gdiplus@@SAPAV12@PAUIStream@@H@Z 0043bc10 f i util.obj
 0002:00004d00       ??3GdiplusBase@Gdiplus@@SAXPAX@Z 0043bd00 f i util.obj
 0002:00004d50       ??2GdiplusBase@Gdiplus@@SAPAXI@Z 0043bd50 f i util.obj
 0002:00004da0       ??0Bitmap@Gdiplus@@QAE@PAUIStream@@H@Z 0043bda0 f i util.obj
 0002:00004ed0       ??0Image@Gdiplus@@IAE@XZ   0043bed0 f i util.obj
 0002:00004f20       ??_GImage@Gdiplus@@UAEPAXI@Z 0043bf20 f i util.obj
 0002:00004f20       ??_EImage@Gdiplus@@UAEPAXI@Z 0043bf20 f i util.obj
 0002:00004f90       ??1Image@Gdiplus@@UAE@XZ   0043bf90 f i util.obj
 0002:00004ff0       ?Clone@Image@Gdiplus@@UAEPAV12@XZ 0043bff0 f i util.obj
 0002:00005150       ?SetStatus@Image@Gdiplus@@IBE?AW4Status@2@W432@@Z 0043c150 f i util.obj
 0002:000051b0       ??0Image@Gdiplus@@IAE@PAVGpImage@1@W4Status@1@@Z 0043c1b0 f i util.obj
 0002:00005220       ?SetNativeImage@Image@Gdiplus@@IAEXPAVGpImage@2@@Z 0043c220 f i util.obj
 0002:00005270       ??_GBitmap@Gdiplus@@UAEPAXI@Z 0043c270 f i util.obj
 0002:00005270       ??_EBitmap@Gdiplus@@UAEPAXI@Z 0043c270 f i util.obj
 0002:000052e0       ??1Bitmap@Gdiplus@@UAE@XZ  0043c2e0 f i util.obj
 0002:00005330       ?ResInst@Window@@SAPAUHINSTANCE__@@XZ 0043c330 f i util.obj
 0002:000053d0       ??0MemoryStream@@QAE@PAXHH@Z 0043c3d0 f i util.obj
 0002:000054f0       ?Seek@MemoryStream@@UAGJT_LARGE_INTEGER@@KPAT_ULARGE_INTEGER@@@Z 0043c4f0 f i util.obj
 0002:000055c0       ?SetSize@MemoryStream@@UAGJT_ULARGE_INTEGER@@@Z 0043c5c0 f i util.obj
 0002:00005600       ?CopyTo@MemoryStream@@UAGJPAUIStream@@T_ULARGE_INTEGER@@PAT3@2@Z 0043c600 f i util.obj
 0002:00005640       ?Commit@MemoryStream@@UAGJK@Z 0043c640 f i util.obj
 0002:00005680       ?Revert@MemoryStream@@UAGJXZ 0043c680 f i util.obj
 0002:000056c0       ?LockRegion@MemoryStream@@UAGJT_ULARGE_INTEGER@@0K@Z 0043c6c0 f i util.obj
 0002:00005700       ?UnlockRegion@MemoryStream@@UAGJT_ULARGE_INTEGER@@0K@Z 0043c700 f i util.obj
 0002:00005740       ?Stat@MemoryStream@@UAGJPAUtagSTATSTG@@K@Z 0043c740 f i util.obj
 0002:00005860       ?Clone@MemoryStream@@UAGJPAPAUIStream@@@Z 0043c860 f i util.obj
 0002:000058a0       ?Read@MemoryStream@@UAGJPAXKPAK@Z 0043c8a0 f i util.obj
 0002:00005980       ?Write@MemoryStream@@UAGJPBXKPAK@Z 0043c980 f i util.obj
 0002:000059d0       ?QueryInterface@MemoryStream@@UAGJABU_GUID@@PAPAX@Z 0043c9d0 f i util.obj
 0002:00005aa0       _InlineIsEqualGUID         0043caa0 f i util.obj
 0002:00005b40       ?AddRef@MemoryStream@@UAGKXZ 0043cb40 f i util.obj
 0002:00005ba0       ?Release@MemoryStream@@UAGKXZ 0043cba0 f i util.obj
 0002:00005c80       ??_EMemoryStream@@UAEPAXI@Z 0043cc80 f i util.obj
 0002:00005c80       ??_GMemoryStream@@UAEPAXI@Z 0043cc80 f i util.obj
 0002:00005cf0       ??1MemoryStream@@UAE@XZ    0043ccf0 f i util.obj
 0002:00005d60       ??0IStream@@QAE@XZ         0043cd60 f i util.obj
 0002:00005dc0       ??0ISequentialStream@@QAE@XZ 0043cdc0 f i util.obj
 0002:00005e20       ??0IUnknown@@QAE@XZ        0043ce20 f i util.obj
 0002:00006080       ??0string@@QAE@PBD@Z       0043d080 f i util.obj
 0002:00006100       ?strchr@@YAPADPADH@Z       0043d100 f i util.obj
 0002:00006840       ?loadbitmap@@YAPAVBitmap@Gdiplus@@PB_W@Z 0043d840 f   util.obj
 0002:00006af0       ??0Rect@Gdiplus@@QAE@HHHH@Z 0043daf0 f i util.obj
 0002:00006b60       ?GetWidth@Image@Gdiplus@@QAEIXZ 0043db60 f i util.obj
 0002:00006c10       ?GetHeight@Image@Gdiplus@@QAEIXZ 0043dc10 f i util.obj
 0002:00006cc0       ??0Bitmap@Gdiplus@@QAE@HHH@Z 0043dcc0 f i util.obj
 0002:00006de0       ?LockBits@Bitmap@Gdiplus@@QAE?AW4Status@2@PBVRect@2@IHPAVBitmapData@2@@Z 0043dde0 f i util.obj
 0002:00006e60       ?UnlockBits@Bitmap@Gdiplus@@QAE?AW4Status@2@PAVBitmapData@2@@Z 0043de60 f i util.obj
 0002:00006ed0       ?GetEncoderClsid@@YAHPB_WPAU_GUID@@@Z 0043ded0 f   util.obj
 0002:000070c0       ?GetImageEncodersSize@Gdiplus@@YA?AW4Status@1@PAI0@Z 0043e0c0 f i util.obj
 0002:00007110       ?GetImageEncoders@Gdiplus@@YA?AW4Status@1@IIPAVImageCodecInfo@1@@Z 0043e110 f i util.obj
 0002:00007170       ?savebitmap@@YAHPB_WPAVBitmap@Gdiplus@@@Z 0043e170 f   util.obj
 0002:00007240       ?Save@Image@Gdiplus@@QAE?AW4Status@2@PB_WPBU_GUID@@PBVEncoderParameters@2@@Z 0043e240 f i util.obj
 0002:000072b0       ?SaveCfg@@YAHPAD0@Z        0043e2b0 f   ManagerDlg.obj
 0002:00007500       ?ReadCfg@@YAHPAD0H@Z       0043e500 f   ManagerDlg.obj
 0002:00007820       ?OnSysCommand@ManagerDlg@@MAEXIJ@Z 0043e820 f   ManagerDlg.obj
 0002:00007930       ?DoModal@Dialog@@UAEHHPAUHWND__@@@Z 0043e930 f i ManagerDlg.obj
 0002:000079b0       ?sDialogProc@Dialog@@KGHPAUHWND__@@IIJ@Z 0043e9b0 f i ManagerDlg.obj
 0002:00007aa0       ?getWindow@Window@@SAPAV1@PAUHWND__@@@Z 0043eaa0 f i ManagerDlg.obj
 0002:00007b30       ?getHWND@Window@@QAEPAUHWND__@@XZ 0043eb30 f i ManagerDlg.obj
 0002:00007b70       ?attach@Window@@QAEXPAUHWND__@@@Z 0043eb70 f i ManagerDlg.obj
 0002:00007c40       ?sWindowProc@Window@@CGJPAUHWND__@@IIJ@Z 0043ec40 f i ManagerDlg.obj
 0002:00007d30       ?addref@Window@@QAEHXZ     0043ed30 f i ManagerDlg.obj
 0002:00007d80       ?release@Window@@QAEXXZ    0043ed80 f i ManagerDlg.obj
 0002:00007e60       ?detach@Window@@QAEXXZ     0043ee60 f i ManagerDlg.obj
 0002:00007f70       ??0AboutDlg@@QAE@XZ        0043ef70 f i ManagerDlg.obj
 0002:00007fd0       ?WndProc@Window@@MAEJIIJ@Z 0043efd0 f i ManagerDlg.obj
 0002:00008030       ?DefWndProc@Window@@IAEJIIJ@Z 0043f030 f i ManagerDlg.obj
 0002:000080f0       ?OnAttach@Window@@MAEXXZ   0043f0f0 f i ManagerDlg.obj
 0002:00008130       ?OnDetach@Window@@MAEXXZ   0043f130 f i ManagerDlg.obj
 0002:00008170       ?PreTranslateMessage@Window@@UAEHPAUtagMSG@@@Z 0043f170 f i ManagerDlg.obj
 0002:000081b0       ?MsgLoop@Window@@UAEHXZ    0043f1b0 f i ManagerDlg.obj
 0002:000082e0       ?OnOK@Dialog@@MAEXXZ       0043f2e0 f i ManagerDlg.obj
 0002:00008340       ?OnCancel@Dialog@@MAEXXZ   0043f340 f i ManagerDlg.obj
 0002:000083a0       ?OnCommand@Dialog@@MAEHHH@Z 0043f3a0 f i ManagerDlg.obj
 0002:00008450       ?OnNotify@Dialog@@MAEHPAUtagNMHDR@@@Z 0043f450 f i ManagerDlg.obj
 0002:00008490       ?DlgProc@Dialog@@MAEHIIJ@Z 0043f490 f i ManagerDlg.obj
 0002:000085b0       ?EndDialog@Dialog@@QAEHH@Z 0043f5b0 f i ManagerDlg.obj
 0002:00008630       ?DlgLoop@Dialog@@UAEHH@Z   0043f630 f i ManagerDlg.obj
 0002:000088e0       ??0Dialog@@QAE@XZ          0043f8e0 f i ManagerDlg.obj
 0002:00008940       ??0Window@@QAE@XZ          0043f940 f i ManagerDlg.obj
 0002:000089b0       ??_GWindow@@UAEPAXI@Z      0043f9b0 f i ManagerDlg.obj
 0002:000089b0       ??_EWindow@@UAEPAXI@Z      0043f9b0 f i ManagerDlg.obj
 0002:00008a20       ??3Window@@SAXPAX@Z        0043fa20 f i ManagerDlg.obj
 0002:00008aa0       ??1Window@@UAE@XZ          0043faa0 f i ManagerDlg.obj
 0002:00008b50       ?OnInitDialog@Dialog@@MAEHXZ 0043fb50 f i ManagerDlg.obj
 0002:00008b90       ??_EDialog@@UAEPAXI@Z      0043fb90 f i ManagerDlg.obj
 0002:00008b90       ??_GDialog@@UAEPAXI@Z      0043fb90 f i ManagerDlg.obj
 0002:00008c00       ??1Dialog@@UAE@XZ          0043fc00 f i ManagerDlg.obj
 0002:00008c50       ?OnInitDialog@AboutDlg@@MAEHXZ 0043fc50 f i ManagerDlg.obj
 0002:00008e90       ??1AboutDlg@@UAE@XZ        0043fe90 f i ManagerDlg.obj
 0002:00008ee0       ??_GAboutDlg@@UAEPAXI@Z    0043fee0 f i ManagerDlg.obj
 0002:00008ee0       ??_EAboutDlg@@UAEPAXI@Z    0043fee0 f i ManagerDlg.obj
 0002:00008f50       ?OnInitDialog@ManagerDlg@@MAEHXZ 0043ff50 f   ManagerDlg.obj
 0002:00009340       ??4string@@QAEAAV0@AAV0@@Z 00440340 f i ManagerDlg.obj
 0002:000093c0       ?OnDeviceChange@ManagerDlg@@IAEXIK@Z 004403c0 f   ManagerDlg.obj
 0002:00009450       ?OnBnClickedButtonClean@ManagerDlg@@IAEXXZ 00440450 f   ManagerDlg.obj
 0002:00009490       ?OnEnKillfocusEditFreespace@ManagerDlg@@IAEXXZ 00440490 f   ManagerDlg.obj
 0002:000095f0       ?UpdateTargetFreeSpace@ManagerDlg@@QAEXXZ 004405f0 f   ManagerDlg.obj
 0002:00009980       ?OnBnClickedButtonBrowseDataDir@ManagerDlg@@IAEXXZ 00440980 f   ManagerDlg.obj
 0002:00009c20       ?ArchThread@@YGKPAX@Z      00440c20 f   ManagerDlg.obj
 0002:0000a0e0       ??0dirfind@@QAE@PBD@Z      004410e0 f i ManagerDlg.obj
 0002:0000a1d0       ??1dirfind@@QAE@XZ         004411d0 f i ManagerDlg.obj
 0002:0000a2b0       ?close@dirfind@@QAEXXZ     004412b0 f i ManagerDlg.obj
 0002:0000a330       ?open@dirfind@@QAEXPBD@Z   00441330 f i ManagerDlg.obj
 0002:0000a430       ?find@dirfind@@QAEHPBD@Z   00441430 f i ManagerDlg.obj
 0002:0000a660       ??4string@@QAEAAV0@PB_W@Z  00441660 f i ManagerDlg.obj
 0002:0000a6c0       ?filepath@dirfind@@QAEAAVstring@@XZ 004416c0 f i ManagerDlg.obj
 0002:0000a700       ?filename@dirfind@@QAEAAVstring@@XZ 00441700 f i ManagerDlg.obj
 0002:0000a740       ?isdir@dirfind@@QAEHXZ     00441740 f i ManagerDlg.obj
 0002:0000ab50       ?isfile@dirfind@@QAEHXZ    00441b50 f i ManagerDlg.obj
 0002:0000b170       ?DiskChange@ManagerDlg@@QAEHXZ 00442170 f   ManagerDlg.obj
 0002:0000b600       ?updsrcdiskspace@ManagerDlg@@QAEXXZ 00442600 f   ManagerDlg.obj
 0002:0000bc80       ?OnTimer@ManagerDlg@@IAEXI@Z 00442c80 f   ManagerDlg.obj
 0002:0000c5e0       ?OnBnClickedButtonSetupId@ManagerDlg@@IAEXXZ 004435e0 f   ManagerDlg.obj
 0002:0000ca20       ??0DlgSrcId@@QAE@XZ        00443a20 f i ManagerDlg.obj
 0002:0000caf0       ?OnInitDialog@DlgSrcId@@MAEHXZ 00443af0 f i ManagerDlg.obj
 0002:0000cba0       ?OnOK@DlgSrcId@@MAEXXZ     00443ba0 f i ManagerDlg.obj
 0002:0000cc40       ??1DlgSrcId@@UAE@XZ        00443c40 f i ManagerDlg.obj
 0002:0000cd00       ??_EDlgSrcId@@UAEPAXI@Z    00443d00 f i ManagerDlg.obj
 0002:0000cd00       ??_GDlgSrcId@@UAEPAXI@Z    00443d00 f i ManagerDlg.obj
 0002:0000cd70       ?f264timelen@@YAHPBDPAUdvrtime@@@Z 00443d70 f   ManagerDlg.obj
 0002:0000ce70       ?CleanDiskThreadFunction@@YGKPAX@Z 00443e70 f   ManagerDlg.obj
 0002:0000d4a0       ?OnBnClickedButtonCleanTarget@ManagerDlg@@IAEXXZ 004444a0 f   ManagerDlg.obj
 0002:0000d680       ??0DlgClTargetProgress@@QAE@XZ 00444680 f i ManagerDlg.obj
 0002:0000d7b0       ?OnInitDialog@DlgClTargetProgress@@MAEHXZ 004447b0 f i ManagerDlg.obj
 0002:0000d870       ?OnCancel@DlgClTargetProgress@@MAEXXZ 00444870 f i ManagerDlg.obj
 0002:0000d8e0       ?OnCommand@DlgClTargetProgress@@MAEHHH@Z 004448e0 f i ManagerDlg.obj
 0002:0000d990       ?DlgProc@DlgClTargetProgress@@MAEHIIJ@Z 00444990 f i ManagerDlg.obj
 0002:0000dac0       ?OnTimer@DlgClTargetProgress@@IAEXH@Z 00444ac0 f i ManagerDlg.obj
 0002:0000dc80       ??_GDlgClTargetProgress@@UAEPAXI@Z 00444c80 f i ManagerDlg.obj
 0002:0000dc80       ??_EDlgClTargetProgress@@UAEPAXI@Z 00444c80 f i ManagerDlg.obj
 0002:0000dcf0       ??1DlgClTargetProgress@@UAE@XZ 00444cf0 f i ManagerDlg.obj
 0002:0000ddc0       ??0DlgCleanTarget@@QAE@XZ  00444dc0 f i ManagerDlg.obj
 0002:0000de20       ??1DlgCleanTarget@@UAE@XZ  00444e20 f i ManagerDlg.obj
 0002:0000de70       ??_EDlgCleanTarget@@UAEPAXI@Z 00444e70 f i ManagerDlg.obj
 0002:0000de70       ??_GDlgCleanTarget@@UAEPAXI@Z 00444e70 f i ManagerDlg.obj
 0002:0000dee0       ?OnInitDialog@DlgCleanTarget@@MAEHXZ 00444ee0 f   ManagerDlg.obj
 0002:0000e010       ?OnOK@DlgCleanTarget@@MAEXXZ 00445010 f   ManagerDlg.obj
 0002:0000e180       ?OnInitDialog@DlgCleanSource@@MAEHXZ 00445180 f   ManagerDlg.obj
 0002:0000e370       ?OnTimer@DlgCleanSource@@IAEXXZ 00445370 f   ManagerDlg.obj
 0002:0000e3e0       ?OnOK@DlgCleanSource@@MAEXXZ 004453e0 f   ManagerDlg.obj
 0002:0000e560       ?shdeletedir@@YAXPADPAUHWND__@@@Z 00445560 f   ManagerDlg.obj
 0002:0000e720       ?shdeletefile@@YAXPADPAUHWND__@@@Z 00445720 f   ManagerDlg.obj
 0002:0000e8e0       ?deletefile@@YAXPAD@Z      004458e0 f   ManagerDlg.obj
 0002:0000e9e0       ?CleanSrcDir@@YAXPADHPAVDlgClTargetProgress@@@Z 004459e0 f   ManagerDlg.obj
 0002:0000ede0       ?CleanSrcDiskThreadFunction@@YGKPAX@Z 00445de0 f   ManagerDlg.obj
 0002:0000ef30       ?OnBnClickedButtonSrcclean@ManagerDlg@@IAEXXZ 00445f30 f   ManagerDlg.obj
 0002:0000f1e0       ??0WaitCursor@@QAE@XZ      004461e0 f i ManagerDlg.obj
 0002:0000f280       ??1WaitCursor@@QAE@XZ      00446280 f i ManagerDlg.obj
 0002:0000f300       ??0DlgCleanSource@@QAE@XZ  00446300 f i ManagerDlg.obj
 0002:0000f360       ?DlgProc@DlgCleanSource@@MAEHIIJ@Z 00446360 f i ManagerDlg.obj
 0002:0000f3e0       ??1DlgCleanSource@@UAE@XZ  004463e0 f i ManagerDlg.obj
 0002:0000f430       ??_EDlgCleanSource@@UAEPAXI@Z 00446430 f i ManagerDlg.obj
 0002:0000f430       ??_GDlgCleanSource@@UAEPAXI@Z 00446430 f i ManagerDlg.obj
 0002:0000f4a0       ?OnBnClickedButtonSrcEject@ManagerDlg@@IAEXXZ 004464a0 f   ManagerDlg.obj
 0002:0000f740       ??_GWaitCursor@@QAEPAXI@Z  00446740 f i ManagerDlg.obj
 0002:0000f7b0       ?OpenVolume@@YAPAX_W@Z     004467b0 f   ManagerDlg.obj
 0002:0000f940       ?CloseVolume@@YAHPAX@Z     00446940 f   ManagerDlg.obj
 0002:0000f9a0       ?TryLockVolume@@YAHPAX@Z   004469a0 f   ManagerDlg.obj
 0002:0000fa60       ?LockVolume@@YAHPAX@Z      00446a60 f   ManagerDlg.obj
 0002:0000fb00       ?UnlockVolume@@YAHPAX@Z    00446b00 f   ManagerDlg.obj
 0002:0000fbc0       ?DismountVolume@@YAHPAX@Z  00446bc0 f   ManagerDlg.obj
 0002:0000fc80       ?PreventRemovalOfVolume@@YAHPAXH@Z 00446c80 f   ManagerDlg.obj
 0002:0000fd60       ?AutoEjectVolume@@YAHPAX@Z 00446d60 f   ManagerDlg.obj
 0002:0000fe20       ?FlushVolume@@YAH_W@Z      00446e20 f   ManagerDlg.obj
 0002:0000fed0       ?EjectVolume@@YAH_W@Z      00446ed0 f   ManagerDlg.obj
 0002:0000ffd0       ?lock@@YAXXZ               00446fd0 f   PWManager.obj
 0002:00010030       ?unlock@@YAXXZ             00447030 f   PWManager.obj
 0002:00010090       _WinMain@16                00447090 f   PWManager.obj
 0002:00010190       ?CreateDlg@Dialog@@QAEPAUHWND__@@HPAU2@@Z 00447190 f i PWManager.obj
 0002:00010220       ?InitApp@@YAHXZ            00447220 f i PWManager.obj
 0002:00010350       ??0UseGDIPlus@@QAE@XZ      00447350 f i PWManager.obj
 0002:00010410       ??0GdiplusStartupInput@Gdiplus@@QAE@P6GXW4DebugEventLevel@1@PAD@ZHH@Z 00447410 f i PWManager.obj
 0002:00010480       ??1UseGDIPlus@@QAE@XZ      00447480 f i PWManager.obj
 0002:000104e0       ??0ManagerDlg@@QAE@XZ      004474e0 f i PWManager.obj
 0002:00010540       ?OnCommand@ManagerDlg@@MAEHHH@Z 00447540 f i PWManager.obj
 0002:000106c0       ?OnNotify@ManagerDlg@@MAEHPAUtagNMHDR@@@Z 004476c0 f i PWManager.obj
 0002:00010700       ?DlgProc@ManagerDlg@@MAEHIIJ@Z 00447700 f i PWManager.obj
 0002:00010900       ??1ManagerDlg@@UAE@XZ      00447900 f i PWManager.obj
 0002:00010950       ??_GManagerDlg@@UAEPAXI@Z  00447950 f i PWManager.obj
 0002:00010950       ??_EManagerDlg@@UAEPAXI@Z  00447950 f i PWManager.obj
 0002:000109be       _OutputDebugStringW@4      004479be f   kernel32:KERNEL32.dll
 0002:000109c4       _MultiByteToWideChar@24    004479c4 f   kernel32:KERNEL32.dll
 0002:000109ca       _SystemTimeToFileTime@8    004479ca f   kernel32:KERNEL32.dll
 0002:000109d0       _FileTimeToSystemTime@8    004479d0 f   kernel32:KERNEL32.dll
 0002:000109d6       _GetModuleFileNameW@12     004479d6 f   kernel32:KERNEL32.dll
 0002:000109dc       _WideCharToMultiByte@32    004479dc f   kernel32:KERNEL32.dll
 0002:000109e2       _SizeofResource@8          004479e2 f   kernel32:KERNEL32.dll
 0002:000109e8       _LockResource@4            004479e8 f   kernel32:KERNEL32.dll
 0002:000109ee       _LoadResource@8            004479ee f   kernel32:KERNEL32.dll
 0002:000109f4       _FindResourceW@12          004479f4 f   kernel32:KERNEL32.dll
 0002:000109fa       _GetModuleHandleExW@12     004479fa f   kernel32:KERNEL32.dll
 0002:00010a00       _Sleep@4                   00447a00 f   kernel32:KERNEL32.dll
 0002:00010a06       _GetLogicalDrives@0        00447a06 f   kernel32:KERNEL32.dll
 0002:00010a0c       _SetErrorMode@4            00447a0c f   kernel32:KERNEL32.dll
 0002:00010a12       _GetDiskFreeSpaceExW@16    00447a12 f   kernel32:KERNEL32.dll
 0002:00010a18       _SetThreadPriority@8       00447a18 f   kernel32:KERNEL32.dll
 0002:00010a1e       _GetCurrentThread@0        00447a1e f   kernel32:KERNEL32.dll
 0002:00010a24       _FindClose@4               00447a24 f   kernel32:KERNEL32.dll
 0002:00010a2a       _FindNextFileW@8           00447a2a f   kernel32:KERNEL32.dll
 0002:00010a30       _FindFirstFileW@8          00447a30 f   kernel32:KERNEL32.dll
 0002:00010a36       _CreateThread@24           00447a36 f   kernel32:KERNEL32.dll
 0002:00010a3c       _GetPrivateProfileStringW@24 00447a3c f   kernel32:KERNEL32.dll
 0002:00010a42       _CloseHandle@4             00447a42 f   kernel32:KERNEL32.dll
 0002:00010a48       _WaitForSingleObject@8     00447a48 f   kernel32:KERNEL32.dll
 0002:00010a4e       _GetSystemTime@4           00447a4e f   kernel32:KERNEL32.dll
 0002:00010a54       _DeleteFileW@4             00447a54 f   kernel32:KERNEL32.dll
 0002:00010a5a       _RemoveDirectoryW@4        00447a5a f   kernel32:KERNEL32.dll
 0002:00010a60       _CreateFileW@28            00447a60 f   kernel32:KERNEL32.dll
 0002:00010a66       _GetDriveTypeW@4           00447a66 f   kernel32:KERNEL32.dll
 0002:00010a6c       _DeviceIoControl@32        00447a6c f   kernel32:KERNEL32.dll
 0002:00010a72       _FlushFileBuffers@4        00447a72 f   kernel32:KERNEL32.dll
 0002:00010a78       _EnterCriticalSection@4    00447a78 f   kernel32:KERNEL32.dll
 0002:00010a7e       _LeaveCriticalSection@4    00447a7e f   kernel32:KERNEL32.dll
 0002:00010a84       _DeleteCriticalSection@4   00447a84 f   kernel32:KERNEL32.dll
 0002:00010a8a       _InitializeCriticalSectionAndSpinCount@8 00447a8a f   kernel32:KERNEL32.dll
 0002:00010a90       _DialogBoxParamW@20        00447a90 f   user32:USER32.dll
 0002:00010a96       _GetPropW@8                00447a96 f   user32:USER32.dll
 0002:00010a9c       _SetWindowLongW@12         00447a9c f   user32:USER32.dll
 0002:00010aa2       _SetPropW@12               00447aa2 f   user32:USER32.dll
 0002:00010aa8       _DefWindowProcW@16         00447aa8 f   user32:USER32.dll
 0002:00010aae       _RemovePropW@8             00447aae f   user32:USER32.dll
 0002:00010ab4       _CallWindowProcW@20        00447ab4 f   user32:USER32.dll
 0002:00010aba       _IsWindow@4                00447aba f   user32:USER32.dll
 0002:00010ac0       _DispatchMessageW@4        00447ac0 f   user32:USER32.dll
 0002:00010ac6       _TranslateMessage@4        00447ac6 f   user32:USER32.dll
 0002:00010acc       _GetMessageW@16            00447acc f   user32:USER32.dll
 0002:00010ad2       _EndDialog@8               00447ad2 f   user32:USER32.dll
 0002:00010ad8       _DestroyWindow@4           00447ad8 f   user32:USER32.dll
 0002:00010ade       _IsDialogMessageW@8        00447ade f   user32:USER32.dll
 0002:00010ae4       _ShowWindow@8              00447ae4 f   user32:USER32.dll
 0002:00010aea       _EnableWindow@8            00447aea f   user32:USER32.dll
 0002:00010af0       _GetParent@4               00447af0 f   user32:USER32.dll
 0002:00010af6       _SetDlgItemTextW@12        00447af6 f   user32:USER32.dll
 0002:00010afc       _SetTimer@16               00447afc f   user32:USER32.dll
 0002:00010b02       _SetDlgItemInt@16          00447b02 f   user32:USER32.dll
 0002:00010b08       _SendMessageA@16           00447b08 f   user32:USER32.dll
 0002:00010b0e       _LoadIconW@8               00447b0e f   user32:USER32.dll
 0002:00010b14       _AppendMenuW@16            00447b14 f   user32:USER32.dll
 0002:00010b1a       _GetSystemMenu@8           00447b1a f   user32:USER32.dll
 0002:00010b20       _GetDlgItemInt@16          00447b20 f   user32:USER32.dll
 0002:00010b26       _GetDlgItem@8              00447b26 f   user32:USER32.dll
 0002:00010b2c       _SendDlgItemMessageW@20    00447b2c f   user32:USER32.dll
 0002:00010b32       _KillTimer@8               00447b32 f   user32:USER32.dll
 0002:00010b38       _GetDlgItemTextW@16        00447b38 f   user32:USER32.dll
 0002:00010b3e       _SetWindowTextW@8          00447b3e f   user32:USER32.dll
 0002:00010b44       _CheckDlgButton@12         00447b44 f   user32:USER32.dll
 0002:00010b4a       _IsDlgButtonChecked@8      00447b4a f   user32:USER32.dll
 0002:00010b50       _ShowCursor@4              00447b50 f   user32:USER32.dll
 0002:00010b56       _SetCursor@4               00447b56 f   user32:USER32.dll
 0002:00010b5c       _LoadCursorW@8             00447b5c f   user32:USER32.dll
 0002:00010b62       _MessageBoxW@16            00447b62 f   user32:USER32.dll
 0002:00010b68       _wsprintfW                 00447b68 f   user32:USER32.dll
 0002:00010b6e       _CreateDialogParamW@20     00447b6e f   user32:USER32.dll
 0002:00010b74       _closesocket@4             00447b74 f   ws2_32:WS2_32.dll
 0002:00010b7a       _connect@12                00447b7a f   ws2_32:WS2_32.dll
 0002:00010b80       _socket@12                 00447b80 f   ws2_32:WS2_32.dll
 0002:00010b86       _freeaddrinfo@4            00447b86 f   ws2_32:WS2_32.dll
 0002:00010b8c       _getaddrinfo@16            00447b8c f   ws2_32:WS2_32.dll
 0002:00010b92       _WSAGetLastError@0         00447b92 f   ws2_32:WS2_32.dll
 0002:00010b98       _send@16                   00447b98 f   ws2_32:WS2_32.dll
 0002:00010b9e       _recv@16                   00447b9e f   ws2_32:WS2_32.dll
 0002:00010ba4       _select@20                 00447ba4 f   ws2_32:WS2_32.dll
 0002:00010baa       _RegCloseKey@4             00447baa f   advapi32:ADVAPI32.dll
 0002:00010bb0       _RegSetValueExW@24         00447bb0 f   advapi32:ADVAPI32.dll
 0002:00010bb6       _RegCreateKeyExW@36        00447bb6 f   advapi32:ADVAPI32.dll
 0002:00010bbc       _RegQueryValueExW@24       00447bbc f   advapi32:ADVAPI32.dll
 0002:00010bc2       _SHGetPathFromIDListW@8    00447bc2 f   shell32:SHELL32.dll
 0002:00010bc8       _SHBrowseForFolderW@4      00447bc8 f   shell32:SHELL32.dll
 0002:00010bce       _SHFileOperationW@4        00447bce f   shell32:SHELL32.dll
 0002:00010bd4       _CoTaskMemFree@4           00447bd4 f   ole32:ole32.dll
 0002:00010bda       _GdipFree@4                00447bda f   gdiplus:gdiplus.dll
 0002:00010be0       _GdipAlloc@4               00447be0 f   gdiplus:gdiplus.dll
 0002:00010be6       _GdipCreateBitmapFromStream@8 00447be6 f   gdiplus:gdiplus.dll
 0002:00010bec       _GdipCreateBitmapFromStreamICM@8 00447bec f   gdiplus:gdiplus.dll
 0002:00010bf2       _GdipDisposeImage@4        00447bf2 f   gdiplus:gdiplus.dll
 0002:00010bf8       _GdipCloneImage@8          00447bf8 f   gdiplus:gdiplus.dll
 0002:00010bfe       _GdipGetImageWidth@8       00447bfe f   gdiplus:gdiplus.dll
 0002:00010c04       _GdipGetImageHeight@8      00447c04 f   gdiplus:gdiplus.dll
 0002:00010c0a       _GdipCreateBitmapFromScan0@24 00447c0a f   gdiplus:gdiplus.dll
 0002:00010c10       _GdipBitmapLockBits@20     00447c10 f   gdiplus:gdiplus.dll
 0002:00010c16       _GdipBitmapUnlockBits@8    00447c16 f   gdiplus:gdiplus.dll
 0002:00010c1c       _GdipGetImageEncodersSize@8 00447c1c f   gdiplus:gdiplus.dll
 0002:00010c22       _GdipGetImageEncoders@12   00447c22 f   gdiplus:gdiplus.dll
 0002:00010c28       _GdipSaveImageToFile@16    00447c28 f   gdiplus:gdiplus.dll
 0002:00010c2e       _GdiplusStartup@12         00447c2e f   gdiplus:gdiplus.dll
 0002:00010c34       _GdiplusShutdown@4         00447c34 f   gdiplus:gdiplus.dll
 0002:00010c3a       _InitCommonControlsEx@4    00447c3a f   comctl32:COMCTL32.dll
 0002:00010c40       __RTC_CheckEsp             00447c40 f   LIBCMTD:_stack_.obj
 0002:00010c70       @_RTC_CheckStackVars@8     00447c70 f   LIBCMTD:_stack_.obj
 0002:00010cf0       @_RTC_AllocaHelper@12      00447cf0 f   LIBCMTD:_stack_.obj
 0002:00010d30       @_RTC_CheckStackVars2@12   00447d30 f   LIBCMTD:_stack_.obj
 0002:00010e40       __RTC_InitBase             00447e40 f   LIBCMTD:_init_.obj
 0002:00010e80       __RTC_Shutdown             00447e80 f   LIBCMTD:_init_.obj
 0002:00010ea0       __vsprintf_l               00447ea0 f   LIBCMTD:vsprintf.obj
 0002:000110a0       _vsprintf                  004480a0 f   LIBCMTD:vsprintf.obj
 0002:000110d0       __vscprintf_helper         004480d0 f   LIBCMTD:vsprintf.obj
 0002:000111e0       __vscprintf                004481e0 f   LIBCMTD:vsprintf.obj
 0002:00011210       __vscprintf_l              00448210 f   LIBCMTD:vsprintf.obj
 0002:00011240       __vscprintf_p              00448240 f   LIBCMTD:vsprintf.obj
 0002:00011270       __vscprintf_p_l            00448270 f   LIBCMTD:vsprintf.obj
 0002:000112a0       ?_JumpToContinuation@@YGXPAXPAUEHRegistrationNode@@@Z 004482a0 f   LIBCMTD:_trnsctrl_.obj
 0002:000112f0       ?_CallMemberFunction0@@YGXPAX0@Z 004482f0 f   LIBCMTD:_trnsctrl_.obj
 0002:00011300       ?_CallMemberFunction1@@YGXPAX00@Z 00448300 f   LIBCMTD:_trnsctrl_.obj
 0002:00011310       ?_CallMemberFunction2@@YGXPAX00H@Z 00448310 f   LIBCMTD:_trnsctrl_.obj
 0002:00011320       ?_UnwindNestedFrames@@YGXPAUEHRegistrationNode@@PAUEHExceptionRecord@@@Z 00448320 f   LIBCMTD:_trnsctrl_.obj
 0002:00011390       ___CxxFrameHandler         00448390 f   LIBCMTD:_trnsctrl_.obj
 0002:000113e0       ___CxxFrameHandler3        004483e0 f   LIBCMTD:_trnsctrl_.obj
 0002:00011430       ___CxxFrameHandler2        00448430 f   LIBCMTD:_trnsctrl_.obj
 0002:00011480       ___CxxLongjmpUnwind@4      00448480 f   LIBCMTD:_trnsctrl_.obj
 0002:000114c0       ?_CallCatchBlock2@@YAPAXPAUEHRegistrationNode@@PBU_s_FuncInfo@@PAXHK@Z 004484c0 f   LIBCMTD:_trnsctrl_.obj
 0002:000115b0       ?_CallSETranslator@@YAHPAUEHExceptionRecord@@PAUEHRegistrationNode@@PAX2PBU_s_FuncInfo@@H1@Z 004485b0 f   LIBCMTD:_trnsctrl_.obj
 0002:000117c0       ?_GetRangeOfTrysToCheck@@YAPBU_s_TryBlockMapEntry@@PBU_s_FuncInfo@@HHPAI1@Z 004487c0 f   LIBCMTD:_trnsctrl_.obj
 0002:00011860       __CreateFrameInfo          00448860 f   LIBCMTD:_trnsctrl_.obj
 0002:000118a0       __IsExceptionObjectToBeDestroyed 004488a0 f   LIBCMTD:_trnsctrl_.obj
 0002:000118e0       __FindAndUnlinkFrame       004488e0 f   LIBCMTD:_trnsctrl_.obj
 0002:00011950       @__security_check_cookie@4 00448950 f   LIBCMTD:secchk.obj
 0002:00011970       ??3@YAXPAX@Z               00448970 f   LIBCMTD:dbgdel.obj
 0002:00011a90       ??2@YAPAXI@Z               00448a90 f   LIBCMTD:new.obj
 0002:00011b30       ??0bad_alloc@std@@QAE@XZ   00448b30 f i LIBCMTD:new.obj
 0002:00011b70       ??1bad_alloc@std@@UAE@XZ   00448b70 f i LIBCMTD:new.obj
 0002:00011ba0       ??_Ebad_alloc@std@@UAEPAXI@Z 00448ba0 f i LIBCMTD:new.obj
 0002:00011ba0       ??_Gbad_alloc@std@@UAEPAXI@Z 00448ba0 f i LIBCMTD:new.obj
 0002:00011be0       ??0bad_alloc@std@@QAE@ABV01@@Z 00448be0 f i LIBCMTD:new.obj
 0002:00011c10       __alldiv                   00448c10 f   LIBCMTD:lldiv.obj
 0002:00011cf0       __allmul                   00448cf0 f   LIBCMTD:llmul.obj
 0002:00011d40       _sprintf                   00448d40 f   LIBCMTD:sprintf.obj
 0002:00011f40       __sprintf_l                00448f40 f   LIBCMTD:sprintf.obj
 0002:00011f80       _sprintf_s                 00448f80 f   LIBCMTD:sprintf.obj
 0002:00011fc0       __sprintf_s_l              00448fc0 f   LIBCMTD:sprintf.obj
 0002:00012000       __snprintf_s               00449000 f   LIBCMTD:sprintf.obj
 0002:00012040       __snprintf_s_l             00449040 f   LIBCMTD:sprintf.obj
 0002:00012080       __sprintf_p                00449080 f   LIBCMTD:sprintf.obj
 0002:000120c0       __sprintf_p_l              004490c0 f   LIBCMTD:sprintf.obj
 0002:00012100       __scprintf                 00449100 f   LIBCMTD:sprintf.obj
 0002:00012130       __scprintf_p               00449130 f   LIBCMTD:sprintf.obj
 0002:00012160       __scprintf_l               00449160 f   LIBCMTD:sprintf.obj
 0002:00012190       __scprintf_p_l             00449190 f   LIBCMTD:sprintf.obj
 0002:000121c0       _strlen                    004491c0 f   LIBCMTD:strlen.obj
 0002:00012270       _strcpy                    00449270 f   LIBCMTD:strcat.obj
 0002:00012280       _strcat                    00449280 f   LIBCMTD:strcat.obj
 0002:000123b0       _free                      004493b0 f   LIBCMTD:dbgfree.obj
 0002:000123d0       _malloc                    004493d0 f   LIBCMTD:dbgmalloc.obj
 0002:00012410       _strncmp                   00449410 f   LIBCMTD:strncmp.obj
 0002:000125e0       _wcscat                    004495e0 f   LIBCMTD:wcscat.obj
 0002:00012650       _wcscpy                    00449650 f   LIBCMTD:wcscat.obj
 0002:000126a0       _wcslen                    004496a0 f   LIBCMTD:wcslen.obj
 0002:000126e0       _strstr                    004496e0 f   LIBCMTD:strstr.obj
 0002:00012790       ?name@type_info@@QBEPBDPAU__type_info_node@@@Z 00449790 f   LIBCMTD:typinfo.obj
 0002:000127c0       ??1type_info@@UAE@XZ       004497c0 f   LIBCMTD:typinfo.obj
 0002:000127f0       ??_Etype_info@@UAEPAXI@Z   004497f0 f i LIBCMTD:typinfo.obj
 0002:000127f0       ??_Gtype_info@@UAEPAXI@Z   004497f0 f i LIBCMTD:typinfo.obj
 0002:00012830       ?_name_internal_method@type_info@@QBEPBDPAU__type_info_node@@@Z 00449830 f   LIBCMTD:typinfo.obj
 0002:00012860       ?_type_info_dtor_internal_method@type_info@@QAEXXZ 00449860 f   LIBCMTD:typinfo.obj
 0002:00012880       ??8type_info@@QBE_NABV0@@Z 00449880 f   LIBCMTD:typinfo.obj
 0002:000128c0       ??9type_info@@QBE_NABV0@@Z 004498c0 f   LIBCMTD:typinfo.obj
 0002:00012900       ?before@type_info@@QBEHABV1@@Z 00449900 f   LIBCMTD:typinfo.obj
 0002:00012940       ?raw_name@type_info@@QBEPBDXZ 00449940 f   LIBCMTD:typinfo.obj
 0002:00012960       ??0type_info@@AAE@ABV0@@Z  00449960 f   LIBCMTD:typinfo.obj
 0002:00012990       ??4type_info@@AAEAAV0@ABV0@@Z 00449990 f   LIBCMTD:typinfo.obj
 0002:000129b0       _memcpy                    004499b0 f   LIBCMTD:memcpy.obj
 0002:00012e00       _strchr                    00449e00 f   LIBCMTD:strchr.obj
 0002:00012e06       ___from_strstr_to_strchr   00449e06     LIBCMTD:strchr.obj
 0002:00012f00       _strncpy                   00449f00 f   LIBCMTD:strncpy.obj
 0002:00013070       _memset                    0044a070 f   LIBCMTD:memset.obj
 0002:00013110       _wcsstr                    0044a110 f   LIBCMTD:wcsstr.obj
 0002:000131c0       _sscanf                    0044a1c0 f   LIBCMTD:sscanf.obj
 0002:000133b0       __sscanf_l                 0044a3b0 f   LIBCMTD:sscanf.obj
 0002:000133f0       _sscanf_s                  0044a3f0 f   LIBCMTD:sscanf.obj
 0002:00013430       __sscanf_s_l               0044a430 f   LIBCMTD:sscanf.obj
 0002:00013470       __fpmath                   0044a470 f   LIBCMTD:_fpinit_.obj
 0002:00013490       __cfltcvt_init             0044a490 f   LIBCMTD:_fpinit_.obj
 0002:00013520       ___setfflag                0044a520 f   LIBCMTD:_fpinit_.obj
 0002:00013550       __ftol2_sse                0044a550 f   LIBCMTD:ftol2.obj
 0002:00013559       __ftol2_pentium4           0044a559 f   LIBCMTD:ftol2.obj
 0002:0001356c       __ftol2_sse_excpt          0044a56c f   LIBCMTD:ftol2.obj
 0002:00013586       __ftol2                    0044a586 f   LIBCMTD:ftol2.obj
 0002:00013630       _rename                    0044a630 f   LIBCMTD:rename.obj
 0002:00013690       _fwrite                    0044a690 f   LIBCMTD:fwrite.obj
 0002:000137e0       __fwrite_nolock            0044a7e0 f   LIBCMTD:fwrite.obj
 0002:00013ca0       _feof                      0044aca0 f   LIBCMTD:feoferr.obj
 0002:00013d30       _ferror                    0044ad30 f   LIBCMTD:feoferr.obj
 0002:00013dc0       _fread_s                   0044adc0 f   LIBCMTD:fread.obj
 0002:00013f40       __fread_nolock_s           0044af40 f   LIBCMTD:fread.obj
 0002:00014690       _fread                     0044b690 f   LIBCMTD:fread.obj
 0002:000146c0       __fread_nolock             0044b6c0 f   LIBCMTD:fread.obj
 0002:000146f0       _rewind                    0044b6f0 f   LIBCMTD:rewind.obj
 0002:000148e0       _remove                    0044b8e0 f   LIBCMTD:unlink.obj
 0002:00014940       __unlink                   0044b940 f   LIBCMTD:unlink.obj
 0002:00014960       _fclose                    0044b960 f   LIBCMTD:fclose.obj
 0002:00014ab0       __fclose_nolock            0044bab0 f   LIBCMTD:fclose.obj
 0002:00014bf0       _ftell                     0044bbf0 f   LIBCMTD:ftell.obj
 0002:00014d10       __ftell_nolock             0044bd10 f   LIBCMTD:ftell.obj
 0002:00015090       _fseek                     0044c090 f   LIBCMTD:fseek.obj
 0002:00015260       __fseek_nolock             0044c260 f   LIBCMTD:fseek.obj
 0002:00015380       __fsopen                   0044c380 f   LIBCMTD:fopen.obj
 0002:00015610       _fopen                     0044c610 f   LIBCMTD:fopen.obj
 0002:00015630       _fopen_s                   0044c630 f   LIBCMTD:fopen.obj
 0002:00015700       __toupper                  0044c700 f   LIBCMTD:toupper.obj
 0002:00015710       __toupper_l                0044c710 f   LIBCMTD:toupper.obj
 0002:00015960       ??0_LocaleUpdate@@QAE@PAUlocaleinfo_struct@@@Z 0044c960 f i LIBCMTD:toupper.obj
 0002:00015a70       ??1_LocaleUpdate@@QAE@XZ   0044ca70 f i LIBCMTD:toupper.obj
 0002:00015ab0       ?GetLocaleT@_LocaleUpdate@@QAEPAUlocaleinfo_struct@@XZ 0044cab0 f i LIBCMTD:toupper.obj
 0002:00015ad0       _toupper                   0044cad0 f   LIBCMTD:toupper.obj
 0002:00015b30       _fprintf                   0044cb30 f   LIBCMTD:fprintf.obj
 0002:00015e80       __fprintf_l                0044ce80 f   LIBCMTD:fprintf.obj
 0002:00015ec0       __fprintf_s_l              0044cec0 f   LIBCMTD:fprintf.obj
 0002:00015f00       _fprintf_s                 0044cf00 f   LIBCMTD:fprintf.obj
 0002:00015f30       __fprintf_p_l              0044cf30 f   LIBCMTD:fprintf.obj
 0002:00015f70       __fprintf_p                0044cf70 f   LIBCMTD:fprintf.obj
 0002:00015fa0       __onexit                   0044cfa0 f   LIBCMTD:onexit.obj
 0002:000161e0       _atexit                    0044d1e0 f   LIBCMTD:onexit.obj
 0002:00016210       ___onexitinit              0044d210 f   LIBCMTD:onexit.obj
 0002:00016280       _WinMainCRTStartup         0044d280 f   LIBCMTD:wincrt0.obj
 0002:000165a0       ?_RTC_Failure@@YAXPAXH@Z   0044d5a0 f   LIBCMTD:_error_.obj
 0002:00016a30       ?_RTC_StackFailure@@YAXPAXPBD@Z 0044da30 f   LIBCMTD:_error_.obj
 0002:00016b70       ?_RTC_AllocaFailure@@YAXPAXPAU_RTC_ALLOCA_NODE@@H@Z 0044db70 f   LIBCMTD:_error_.obj
 0002:00016d80       __RTC_UninitUse            0044dd80 f   LIBCMTD:_error_.obj
 0002:00016eb0       __RTC_NumErrors            0044deb0 f   LIBCMTD:_userapi_.obj
 0002:00016ec0       __RTC_GetErrDesc           0044dec0 f   LIBCMTD:_userapi_.obj
 0002:00016ee0       __RTC_SetErrorType         0044dee0 f   LIBCMTD:_userapi_.obj
 0002:00016f10       __RTC_SetErrorFunc         0044df10 f   LIBCMTD:_userapi_.obj
 0002:00016f40       __RTC_SetErrorFuncW        0044df40 f   LIBCMTD:_userapi_.obj
 0002:00016f70       ?_RTC_GetErrorFunc@@YAP6AHHPBDH00ZZPBX@Z 0044df70 f   LIBCMTD:_userapi_.obj
 0002:00016f80       ?_RTC_GetErrorFuncW@@YAP6AHHPB_WH00ZZPBX@Z 0044df80 f   LIBCMTD:_userapi_.obj
 0002:00016f90       __chkesp                   0044df90 f   LIBCMTD:chkesp.obj
 0002:00016fe0       __CRT_RTC_INIT             0044dfe0 f   LIBCMTD:chkesp.obj
 0002:00016ff0       __CRT_RTC_INITW            0044dff0 f   LIBCMTD:chkesp.obj
 0002:00017000       __flsbuf                   0044e000 f   LIBCMTD:_flsbuf.obj
 0002:00017370       __output_l                 0044e370 f   LIBCMTD:output.obj
 0002:00018cf0       _get_int_arg               0044fcf0 f i LIBCMTD:output.obj
 0002:00018d20       _get_int64_arg             0044fd20 f i LIBCMTD:output.obj
 0002:00018d50       _get_short_arg             0044fd50 f i LIBCMTD:output.obj
 0002:00018d80       __initp_misc_invarg        0044fd80 f   LIBCMTD:invarg.obj
 0002:00018da0       __invalid_parameter        0044fda0 f   LIBCMTD:invarg.obj
 0002:00018e10       __invoke_watson            0044fe10 f   LIBCMTD:invarg.obj
 0002:00018e50       __call_reportfault         0044fe50 f   LIBCMTD:invarg.obj
 0002:00019000       __set_invalid_parameter_handler 00450000 f   LIBCMTD:invarg.obj
 0002:00019050       __get_invalid_parameter_handler 00450050 f   LIBCMTD:invarg.obj
 0002:00019090       ?_invalid_parameter@@YAXPBG00II@Z 00450090 f   LIBCMTD:invarg.obj
 0002:000190c0       ?_invoke_watson@@YAXPBG00II@Z 004500c0 f   LIBCMTD:invarg.obj
 0002:000190f0       __dosmaperr                004500f0 f   LIBCMTD:dosmap.obj
 0002:00019130       __get_errno_from_oserr     00450130 f   LIBCMTD:dosmap.obj
 0002:000191d0       __set_errno                004501d0 f   LIBCMTD:dosmap.obj
 0002:00019210       __get_errno                00450210 f   LIBCMTD:dosmap.obj
 0002:000192b0       __set_doserrno             004502b0 f   LIBCMTD:dosmap.obj
 0002:000192f0       __get_doserrno             004502f0 f   LIBCMTD:dosmap.obj
 0002:00019390       __errno                    00450390 f   LIBCMTD:dosmap.obj
 0002:000193c0       ___doserrno                004503c0 f   LIBCMTD:dosmap.obj
 0002:000193f0       __CrtSetReportHookW2       004503f0 f   LIBCMTD:dbgrptw.obj
 0002:000197e0       __CrtDbgReportW            004507e0 f   LIBCMTD:dbgrptw.obj
 0002:00019830       __CrtDbgReportWV           00450830 f i LIBCMTD:dbgrptw.obj
 0002:00019860       ___crtMessageWindowW       00450860 f   LIBCMTD:dbgrptw.obj
 0002:00019d60       __invoke_watson_if_error   00450d60 f i LIBCMTD:dbgrptw.obj
 0002:00019da0       __invoke_watson_if_oneof   00450da0 f i LIBCMTD:dbgrptw.obj
 0002:00019df0       ?_CrtDbgReportW@@YAHHPBGH00ZZ 00450df0 f   LIBCMTD:dbgrptw.obj
 0002:00019e40       __validate_param_reuseA    00450e40 f   LIBCMTD:outputp.obj
 0002:0001a150       __output_p_l               00451150 f   LIBCMTD:outputp.obj
 0002:0001ec50       _get_crtdouble_arg         00455c50 f i LIBCMTD:outputp.obj
 0002:0001ec80       ___InternalCxxFrameHandler 00455c80 f   LIBCMTD:frame.obj
 0002:0001f3f0       ??0bad_exception@std@@QAE@PBD@Z 004563f0 f i LIBCMTD:frame.obj
 0002:0001f420       ??1bad_exception@std@@UAE@XZ 00456420 f i LIBCMTD:frame.obj
 0002:0001f450       ??_Gbad_exception@std@@UAEPAXI@Z 00456450 f i LIBCMTD:frame.obj
 0002:0001f450       ??_Ebad_exception@std@@UAEPAXI@Z 00456450 f i LIBCMTD:frame.obj
 0002:0001f490       ??0bad_exception@std@@QAE@ABV01@@Z 00456490 f i LIBCMTD:frame.obj
 0002:0001f6b0       ___TypeMatch               004566b0 f   LIBCMTD:frame.obj
 0002:0001f790       ___FrameUnwindFilter       00456790 f   LIBCMTD:frame.obj
 0002:0001f830       ___FrameUnwindToState      00456830 f   LIBCMTD:frame.obj
 0002:0001fec0       ___BuildCatchObjectHelper  00456ec0 f   LIBCMTD:frame.obj
 0002:000201d0       ___BuildCatchObject        004571d0 f   LIBCMTD:frame.obj
 0002:00020320       ___DestructExceptionObject 00457320 f   LIBCMTD:frame.obj
 0002:00020400       ___AdjustPointer           00457400 f   LIBCMTD:frame.obj
 0002:00020460       ?__uncaught_exception@@YA_NXZ 00457460 f   LIBCMTD:frame.obj
 0002:00020480       ___CxxExceptionFilter      00457480 f   LIBCMTD:frame.obj
 0002:000206f0       ___CxxRegisterExceptionObject 004576f0 f   LIBCMTD:frame.obj
 0002:00020870       ___CxxDetectRethrow        00457870 f   LIBCMTD:frame.obj
 0002:00020920       ___CxxUnregisterExceptionObject 00457920 f   LIBCMTD:frame.obj
 0002:00020b00       ___CxxQueryExceptionSize   00457b00 f   LIBCMTD:frame.obj
 0002:00020b10       ___CxxCallUnwindDtor       00457b10 f   LIBCMTD:frame.obj
 0002:00020bb0       ___CxxCallUnwindDelDtor    00457bb0 f   LIBCMTD:frame.obj
 0002:00020c50       ___CxxCallUnwindStdDelDtor 00457c50 f   LIBCMTD:frame.obj
 0002:00020cf0       ___CxxCallUnwindVecDtor    00457cf0 f   LIBCMTD:frame.obj
 0002:00020fc0       ?_is_exception_typeof@@YAHABVtype_info@@PAU_EXCEPTION_POINTERS@@@Z 00457fc0 f   LIBCMTD:frame.obj
 0002:000210d0       __CallSettingFrame@12      004580d0 f   LIBCMTD:lowhelpr.obj
 0002:000210f7       __NLG_Return               004580f7     LIBCMTD:lowhelpr.obj
 0002:00021130       __encoded_null             00458130 f   LIBCMTD:tidtable.obj
 0002:00021150       ___crtTlsAlloc@4           00458150 f   LIBCMTD:tidtable.obj
 0002:00021170       ___fls_getvalue@4          00458170 f   LIBCMTD:tidtable.obj
 0002:000211a0       ___get_flsindex            004581a0 f   LIBCMTD:tidtable.obj
 0002:000211b0       ___set_flsgetvalue         004581b0 f   LIBCMTD:tidtable.obj
 0002:00021210       ___fls_setvalue@8          00458210 f   LIBCMTD:tidtable.obj
 0002:00021240       __mtinit                   00458240 f   LIBCMTD:tidtable.obj
 0002:000214c0       __mtterm                   004584c0 f   LIBCMTD:tidtable.obj
 0002:00021530       __initptd                  00458530 f   LIBCMTD:tidtable.obj
 0002:000216a0       __getptd_noexit            004586a0 f   LIBCMTD:tidtable.obj
 0002:00021790       __getptd                   00458790 f   LIBCMTD:tidtable.obj
 0002:000217c0       __freefls@4                004587c0 f   LIBCMTD:tidtable.obj
 0002:00021a50       __freeptd                  00458a50 f   LIBCMTD:tidtable.obj
 0002:00021af0       ___threadid                00458af0 f   LIBCMTD:tidtable.obj
 0002:00021b00       ___threadhandle            00458b00 f   LIBCMTD:tidtable.obj
 0002:00021b10       __initp_eh_hooks           00458b10 f   LIBCMTD:hooks.obj
 0002:00021b30       ?terminate@@YAXXZ          00458b30 f   LIBCMTD:hooks.obj
 0002:00021bd0       ?unexpected@@YAXXZ         00458bd0 f   LIBCMTD:hooks.obj
 0002:00021c00       ?_inconsistency@@YAXXZ     00458c00 f   LIBCMTD:hooks.obj
 0002:00021cb0       ___report_gsfailure        00458cb0 f   LIBCMTD:gs_report.obj
 0002:00021e10       __mtinitlocks              00458e10 f   LIBCMTD:mlock.obj
 0002:00021ec0       __mtdeletelocks            00458ec0 f   LIBCMTD:mlock.obj
 0002:00021fb0       __mtinitlocknum            00458fb0 f   LIBCMTD:mlock.obj
 0002:00022150       __lock                     00459150 f   LIBCMTD:mlock.obj
 0002:000221a0       __unlock                   004591a0 f   LIBCMTD:mlock.obj
 0002:000221c0       __lockerr_exit             004591c0 f   LIBCMTD:mlock.obj
 0002:000221f0       __malloc_dbg               004591f0 f   LIBCMTD:dbgheap.obj
 0002:00022230       __nh_malloc                00459230 f   LIBCMTD:dbgheap.obj
 0002:00022260       __nh_malloc_dbg            00459260 f   LIBCMTD:dbgheap.obj
 0002:00022360       __heap_alloc               00459360 f   LIBCMTD:dbgheap.obj
 0002:00022830       __heap_alloc_dbg           00459830 f   LIBCMTD:dbgheap.obj
 0002:000228a0       __calloc_dbg_impl          004598a0 f   LIBCMTD:dbgheap.obj
 0002:00022940       __calloc_dbg               00459940 f   LIBCMTD:dbgheap.obj
 0002:000229b0       __recalloc                 004599b0 f   LIBCMTD:dbgheap.obj
 0002:000229f0       __realloc_dbg              004599f0 f   LIBCMTD:dbgheap.obj
 0002:00023230       __recalloc_dbg             0045a230 f   LIBCMTD:dbgheap.obj
 0002:00023310       __expand                   0045a310 f   LIBCMTD:dbgheap.obj
 0002:00023340       __expand_dbg               0045a340 f   LIBCMTD:dbgheap.obj
 0002:00023490       __free_nolock              0045a490 f   LIBCMTD:dbgheap.obj
 0002:000234b0       __free_dbg                 0045a4b0 f   LIBCMTD:dbgheap.obj
 0002:00023550       __free_dbg_nolock          0045a550 f   LIBCMTD:dbgheap.obj
 0002:00023b70       __msize                    0045ab70 f   LIBCMTD:dbgheap.obj
 0002:00023b90       __msize_dbg                0045ab90 f   LIBCMTD:dbgheap.obj
 0002:00023df0       __CrtSetBreakAlloc         0045adf0 f   LIBCMTD:dbgheap.obj
 0002:00023e20       __CrtSetDbgBlockType       0045ae20 f   LIBCMTD:dbgheap.obj
 0002:00023f40       __CrtSetAllocHook          0045af40 f   LIBCMTD:dbgheap.obj
 0002:00023f70       __CrtGetAllocHook          0045af70 f   LIBCMTD:dbgheap.obj
 0002:00023fd0       __CrtCheckMemory           0045afd0 f   LIBCMTD:dbgheap.obj
 0002:00024540       __CrtSetDbgFlag            0045b540 f   LIBCMTD:dbgheap.obj
 0002:000246e0       __CrtDoForAllClientObjects 0045b6e0 f   LIBCMTD:dbgheap.obj
 0002:00024850       __CrtIsValidPointer        0045b850 f   LIBCMTD:dbgheap.obj
 0002:00024870       __CrtIsValidHeapPointer    0045b870 f   LIBCMTD:dbgheap.obj
 0002:000248d0       __CrtIsMemoryBlock         0045b8d0 f   LIBCMTD:dbgheap.obj
 0002:00024aa0       __CrtReportBlockType       0045baa0 f   LIBCMTD:dbgheap.obj
 0002:00024ae0       __CrtSetDumpClient         0045bae0 f   LIBCMTD:dbgheap.obj
 0002:00024b10       __CrtGetDumpClient         0045bb10 f   LIBCMTD:dbgheap.obj
 0002:00024b20       __CrtMemCheckpoint         0045bb20 f   LIBCMTD:dbgheap.obj
 0002:00024dc0       __CrtMemDifference         0045bdc0 f   LIBCMTD:dbgheap.obj
 0002:00025060       __CrtMemDumpAllObjectsSince 0045c060 f   LIBCMTD:dbgheap.obj
 0002:00025690       __CrtDumpMemoryLeaks       0045c690 f   LIBCMTD:dbgheap.obj
 0002:00025730       __CrtMemDumpStatistics     0045c730 f   LIBCMTD:dbgheap.obj
 0002:00025880       __aligned_malloc           0045c880 f   LIBCMTD:dbgheap.obj
 0002:000258b0       __aligned_malloc_dbg       0045c8b0 f   LIBCMTD:dbgheap.obj
 0002:000258e0       __aligned_realloc          0045c8e0 f   LIBCMTD:dbgheap.obj
 0002:00025910       __aligned_recalloc         0045c910 f   LIBCMTD:dbgheap.obj
 0002:00025940       __aligned_realloc_dbg      0045c940 f   LIBCMTD:dbgheap.obj
 0002:00025970       __aligned_recalloc_dbg     0045c970 f   LIBCMTD:dbgheap.obj
 0002:000259b0       __aligned_offset_malloc    0045c9b0 f   LIBCMTD:dbgheap.obj
 0002:000259e0       __aligned_offset_malloc_dbg 0045c9e0 f   LIBCMTD:dbgheap.obj
 0002:00025c10       __aligned_offset_realloc   0045cc10 f   LIBCMTD:dbgheap.obj
 0002:00025c40       __aligned_offset_recalloc  0045cc40 f   LIBCMTD:dbgheap.obj
 0002:00025c70       __aligned_offset_realloc_dbg 0045cc70 f   LIBCMTD:dbgheap.obj
 0002:00026020       __aligned_offset_recalloc_dbg 0045d020 f   LIBCMTD:dbgheap.obj
 0002:00026110       __aligned_free             0045d110 f   LIBCMTD:dbgheap.obj
 0002:00026130       __aligned_free_dbg         0045d130 f   LIBCMTD:dbgheap.obj
 0002:00026210       __CrtSetDebugFillThreshold 0045d210 f   LIBCMTD:dbgheap.obj
 0002:00026240       __CrtSetCheckCount         0045d240 f   LIBCMTD:dbgheap.obj
 0002:00026260       __CrtGetCheckCount         0045d260 f   LIBCMTD:dbgheap.obj
 0002:00026270       __aligned_msize            0045d270 f   LIBCMTD:dbgheap.obj
 0002:000262a0       __aligned_msize_dbg        0045d2a0 f   LIBCMTD:dbgheap.obj
 0002:000263f0       __except_handler4          0045d3f0 f   LIBCMTD:chandler4.obj
 0002:000266a0       __initp_heap_handler       0045d6a0 f   LIBCMTD:handler.obj
 0002:000266c0       ?_set_new_handler@@YAP6AHI@ZP6AHI@Z@Z 0045d6c0 f   LIBCMTD:handler.obj
 0002:00026710       ?_set_new_handler@@YAP6AHI@ZH@Z 0045d710 f   LIBCMTD:handler.obj
 0002:00026760       ?_query_new_handler@@YAP6AHI@ZXZ 0045d760 f   LIBCMTD:handler.obj
 0002:00026780       __callnewh                 0045d780 f   LIBCMTD:handler.obj
 0002:000267d0       __CxxThrowException@8      0045d7d0 f   LIBCMTD:throw.obj
 0002:00026840       ??0exception@std@@QAE@XZ   0045d840 f   LIBCMTD:stdexcpt.obj
 0002:00026880       ??_Gexception@std@@UAEPAXI@Z 0045d880 f i LIBCMTD:stdexcpt.obj
 0002:00026880       ??_Eexception@std@@UAEPAXI@Z 0045d880 f i LIBCMTD:stdexcpt.obj
 0002:000268c0       ??0exception@std@@QAE@ABQBD@Z 0045d8c0 f   LIBCMTD:stdexcpt.obj
 0002:00026910       ??0exception@std@@QAE@ABQBDH@Z 0045d910 f   LIBCMTD:stdexcpt.obj
 0002:00026950       ??0exception@std@@QAE@ABV01@@Z 0045d950 f   LIBCMTD:stdexcpt.obj
 0002:000269a0       ??4exception@std@@QAEAAV01@ABV01@@Z 0045d9a0 f   LIBCMTD:stdexcpt.obj
 0002:00026a00       ??1exception@std@@UAE@XZ   0045da00 f   LIBCMTD:stdexcpt.obj
 0002:00026a30       ?what@exception@std@@UBEPBDXZ 0045da30 f   LIBCMTD:stdexcpt.obj
 0002:00026a70       ?_Copy_str@exception@std@@AAEXPBD@Z 0045da70 f   LIBCMTD:stdexcpt.obj
 0002:00026af0       ?_Tidy@exception@std@@AAEXXZ 0045daf0 f   LIBCMTD:stdexcpt.obj
 0002:00026b40       ??0bad_cast@std@@QAE@PBD@Z 0045db40 f   LIBCMTD:stdexcpt.obj
 0002:00026b70       ??_Ebad_cast@std@@UAEPAXI@Z 0045db70 f i LIBCMTD:stdexcpt.obj
 0002:00026b70       ??_Gbad_cast@std@@UAEPAXI@Z 0045db70 f i LIBCMTD:stdexcpt.obj
 0002:00026bb0       ??0bad_cast@std@@QAE@ABV01@@Z 0045dbb0 f   LIBCMTD:stdexcpt.obj
 0002:00026be0       ??1bad_cast@std@@UAE@XZ    0045dbe0 f   LIBCMTD:stdexcpt.obj
 0002:00026c10       ??0bad_typeid@std@@QAE@PBD@Z 0045dc10 f   LIBCMTD:stdexcpt.obj
 0002:00026c40       ??_Gbad_typeid@std@@UAEPAXI@Z 0045dc40 f i LIBCMTD:stdexcpt.obj
 0002:00026c40       ??_Ebad_typeid@std@@UAEPAXI@Z 0045dc40 f i LIBCMTD:stdexcpt.obj
 0002:00026c80       ??0bad_typeid@std@@QAE@ABV01@@Z 0045dc80 f   LIBCMTD:stdexcpt.obj
 0002:00026cb0       ??1bad_typeid@std@@UAE@XZ  0045dcb0 f   LIBCMTD:stdexcpt.obj
 0002:00026ce0       ??0__non_rtti_object@std@@QAE@PBD@Z 0045dce0 f   LIBCMTD:stdexcpt.obj
 0002:00026d10       ??_E__non_rtti_object@std@@UAEPAXI@Z 0045dd10 f i LIBCMTD:stdexcpt.obj
 0002:00026d10       ??_G__non_rtti_object@std@@UAEPAXI@Z 0045dd10 f i LIBCMTD:stdexcpt.obj
 0002:00026d50       ??0__non_rtti_object@std@@QAE@ABV01@@Z 0045dd50 f   LIBCMTD:stdexcpt.obj
 0002:00026d80       ??1__non_rtti_object@std@@UAE@XZ 0045dd80 f   LIBCMTD:stdexcpt.obj
 0002:00026db0       __vsnprintf_helper         0045ddb0 f   LIBCMTD:vsnprnc.obj
 0002:00027010       __vsnprintf_c              0045e010 f   LIBCMTD:vsnprnc.obj
 0002:00027070       __vsnprintf_c_l            0045e070 f   LIBCMTD:vsnprnc.obj
 0002:000270d0       __vsprintf_s_l             0045e0d0 f   LIBCMTD:vsnprnc.obj
 0002:000273d0       _vsprintf_s                0045e3d0 f   LIBCMTD:vsnprnc.obj
 0002:00027400       __vsnprintf_s_l            0045e400 f   LIBCMTD:vsnprnc.obj
 0002:00027880       __vsnprintf_s              0045e880 f   LIBCMTD:vsnprnc.obj
 0002:000278b0       __vsprintf_p               0045e8b0 f   LIBCMTD:vsnprnc.obj
 0002:00027910       __vsprintf_p_l             0045e910 f   LIBCMTD:vsnprnc.obj
 0002:00027970       ?_Type_info_dtor@type_info@@CAXPAV1@@Z 0045e970 f   LIBCMTD:typname.obj
 0002:00027ac0       ?_Name_base@type_info@@CAPBDPBV1@PAU__type_info_node@@@Z 0045eac0 f   LIBCMTD:typname.obj
 0002:00027cd0       ?_Type_info_dtor_internal@type_info@@CAXPAV1@@Z 0045ecd0 f   LIBCMTD:typname.obj
 0002:00027e20       ___unDNameHelper           0045ee20 f   LIBCMTD:typname.obj
 0002:00027e70       ?_Name_base_internal@type_info@@CAPBDPBV1@PAU__type_info_node@@@Z 0045ee70 f   LIBCMTD:typname.obj
 0002:000280a0       ___clean_type_info_names_internal 0045f0a0 f   LIBCMTD:typname.obj
 0002:00028180       _strcmp                    0045f180 f   LIBCMTD:strcmp.obj
 0002:00028230       __VEC_memcpy               0045f230 f   LIBCMTD:p4_memcpy.obj
 0002:00028380       ___sse2_available_init     0045f380 f   LIBCMTD:cpu_disp.obj
 0002:000283a0       __VEC_memzero              0045f3a0 f   LIBCMTD:p4_memset.obj
 0002:00028490       __input_l                  0045f490 f   LIBCMTD:input.obj
 0002:0002a320       __INTRN_LOCALE_CONV        00461320 f i LIBCMTD:input.obj
 0002:0002a490       __input_s_l                00461490 f   LIBCMTD:inputs.obj
 0002:0002c900       __setdefaultprecision      00463900 f   LIBCMTD:fp8.obj
 0002:0002c950       __forcdecpt                00463950 f   LIBCMTD:cvt.obj
 0002:0002c970       __forcdecpt_l              00463970 f   LIBCMTD:cvt.obj
 0002:0002ca60       __cropzeros                00463a60 f   LIBCMTD:cvt.obj
 0002:0002ca80       __cropzeros_l              00463a80 f   LIBCMTD:cvt.obj
 0002:0002cbd0       __positive                 00463bd0 f   LIBCMTD:cvt.obj
 0002:0002cc10       __fassign_l                00463c10 f   LIBCMTD:cvt.obj
 0002:0002cc80       __fassign                  00463c80 f   LIBCMTD:cvt.obj
 0002:0002ccb0       __cftoe_l                  00463cb0 f   LIBCMTD:cvt.obj
 0002:0002d350       __cftoe                    00464350 f   LIBCMTD:cvt.obj
 0002:0002d380       __cftoa_l                  00464380 f   LIBCMTD:cvt.obj
 0002:0002dd50       ?strrchr@@YAPADPADH@Z      00464d50 f i LIBCMTD:cvt.obj
 0002:0002dd70       __cftoa                    00464d70 f   LIBCMTD:cvt.obj
 0002:0002dda0       __cftof_l                  00464da0 f   LIBCMTD:cvt.obj
 0002:0002e2a0       __cftof                    004652a0 f   LIBCMTD:cvt.obj
 0002:0002e2d0       __cftog_l                  004652d0 f   LIBCMTD:cvt.obj
 0002:0002e590       __cftog                    00465590 f   LIBCMTD:cvt.obj
 0002:0002e5c0       __cfltcvt_l                004655c0 f   LIBCMTD:cvt.obj
 0002:0002e6b0       __cfltcvt                  004656b0 f   LIBCMTD:cvt.obj
 0002:0002e730       __initp_misc_cfltcvt_tab   00465730 f   LIBCMTD:cmiscdat.obj
 0002:0002e780       ___iob_func                00465780 f   LIBCMTD:_file.obj
 0002:0002e790       ___initstdio               00465790 f   LIBCMTD:_file.obj
 0002:0002e930       ___endstdio                00465930 f   LIBCMTD:_file.obj
 0002:0002e970       __lock_file                00465970 f   LIBCMTD:_file.obj
 0002:0002e9e0       __lock_file2               004659e0 f   LIBCMTD:_file.obj
 0002:0002ea30       __unlock_file              00465a30 f   LIBCMTD:_file.obj
 0002:0002eaa0       __unlock_file2             00465aa0 f   LIBCMTD:_file.obj
 0002:0002eaf0       __write                    00465af0 f   LIBCMTD:write.obj
 0002:0002eda0       __write_nolock             00465da0 f   LIBCMTD:write.obj
 0002:0002fbb0       __fileno                   00466bb0 f   LIBCMTD:fileno.obj
 0002:0002fc40       _fflush                    00466c40 f   LIBCMTD:fflush.obj
 0002:0002fd00       __fflush_nolock            00466d00 f   LIBCMTD:fflush.obj
 0002:0002fd70       __flush                    00466d70 f   LIBCMTD:fflush.obj
 0002:0002fe60       __flushall                 00466e60 f   LIBCMTD:fflush.obj
 0002:00030090       __filbuf                   00467090 f   LIBCMTD:_filbuf.obj
 0002:00030370       __read                     00467370 f   LIBCMTD:read.obj
 0002:000306b0       __read_nolock              004676b0 f   LIBCMTD:read.obj
 0002:000319d0       _memcpy_s                  004689d0 f   LIBCMTD:memcpy_s.obj
 0002:00031bc0       __lseek                    00468bc0 f   LIBCMTD:lseek.obj
 0002:00031e70       __lseek_nolock             00468e70 f   LIBCMTD:lseek.obj
 0002:00031f80       __ioinit                   00468f80 f   LIBCMTD:ioinit.obj
 0002:000324a0       __ioterm                   004694a0 f   LIBCMTD:ioinit.obj
 0002:00032570       __close                    00469570 f   LIBCMTD:close.obj
 0002:00032810       __close_nolock             00469810 f   LIBCMTD:close.obj
 0002:00032910       __freebuf                  00469910 f   LIBCMTD:_freebuf.obj
 0002:000329c0       __openfile                 004699c0 f   LIBCMTD:_open.obj
 0002:00033370       __getstream                0046a370 f   LIBCMTD:stream.obj
 0002:00033670       __local_unwind4            0046a670 f   LIBCMTD:exsup4.obj
 0002:00033746       __seh_longjmp_unwind4@4    0046a746 f   LIBCMTD:exsup4.obj
 0002:00033762       @_EH4_CallFilterFunc@8     0046a762 f   LIBCMTD:exsup4.obj
 0002:00033779       @_EH4_TransferToHandler@8  0046a779 f   LIBCMTD:exsup4.obj
 0002:00033792       @_EH4_GlobalUnwind2@8      0046a792 f   LIBCMTD:exsup4.obj
 0002:000337ab       @_EH4_LocalUnwind@16       0046a7ab f   LIBCMTD:exsup4.obj
 0002:00033820       ___crtLCMapStringA         0046a820 f   LIBCMTD:a_map.obj
 0002:00033bd0       __MarkAllocaS              0046abd0 f i LIBCMTD:a_map.obj
 0002:00033c00       __freea                    0046ac00 f i LIBCMTD:a_map.obj
 0002:00033ce0       __isleadbyte_l             0046ace0 f i LIBCMTD:_wctype.obj
 0002:00033d40       _isleadbyte                0046ad40 f i LIBCMTD:_wctype.obj
 0002:00033d60       __iswalpha_l               0046ad60 f i LIBCMTD:_wctype.obj
 0002:00033d80       _iswalpha                  0046ad80 f i LIBCMTD:_wctype.obj
 0002:00033da0       __iswupper_l               0046ada0 f i LIBCMTD:_wctype.obj
 0002:00033dc0       _iswupper                  0046adc0 f i LIBCMTD:_wctype.obj
 0002:00033de0       __iswlower_l               0046ade0 f i LIBCMTD:_wctype.obj
 0002:00033e00       _iswlower                  0046ae00 f i LIBCMTD:_wctype.obj
 0002:00033e20       __iswdigit_l               0046ae20 f i LIBCMTD:_wctype.obj
 0002:00033e40       _iswdigit                  0046ae40 f i LIBCMTD:_wctype.obj
 0002:00033e60       __iswxdigit_l              0046ae60 f i LIBCMTD:_wctype.obj
 0002:00033e80       _iswxdigit                 0046ae80 f i LIBCMTD:_wctype.obj
 0002:00033ea0       __iswspace_l               0046aea0 f i LIBCMTD:_wctype.obj
 0002:00033ec0       _iswspace                  0046aec0 f i LIBCMTD:_wctype.obj
 0002:00033ee0       __iswpunct_l               0046aee0 f i LIBCMTD:_wctype.obj
 0002:00033f00       _iswpunct                  0046af00 f i LIBCMTD:_wctype.obj
 0002:00033f20       __iswalnum_l               0046af20 f i LIBCMTD:_wctype.obj
 0002:00033f40       _iswalnum                  0046af40 f i LIBCMTD:_wctype.obj
 0002:00033f60       __iswprint_l               0046af60 f i LIBCMTD:_wctype.obj
 0002:00033f80       _iswprint                  0046af80 f i LIBCMTD:_wctype.obj
 0002:00033fa0       __iswgraph_l               0046afa0 f i LIBCMTD:_wctype.obj
 0002:00033fc0       _iswgraph                  0046afc0 f i LIBCMTD:_wctype.obj
 0002:00033fe0       __iswcntrl_l               0046afe0 f i LIBCMTD:_wctype.obj
 0002:00034000       _iswcntrl                  0046b000 f i LIBCMTD:_wctype.obj
 0002:00034020       _iswascii                  0046b020 f i LIBCMTD:_wctype.obj
 0002:00034040       __iswcsym_l                0046b040 f i LIBCMTD:_wctype.obj
 0002:00034090       ___iswcsym                 0046b090 f i LIBCMTD:_wctype.obj
 0002:000340e0       __iswcsymf_l               0046b0e0 f i LIBCMTD:_wctype.obj
 0002:00034130       ___iswcsymf                0046b130 f i LIBCMTD:_wctype.obj
 0002:00034180       __chvalidator              0046b180 f   LIBCMTD:isctype.obj
 0002:000341e0       __chvalidator_l            0046b1e0 f   LIBCMTD:isctype.obj
 0002:000342c0       __isctype_l                0046b2c0 f   LIBCMTD:isctype.obj
 0002:00034420       __isctype                  0046b420 f   LIBCMTD:isctype.obj
 0002:00034470       ___updatetmbcinfo          0046b470 f   LIBCMTD:mbctype.obj
 0002:000345c0       __setmbcp                  0046b5c0 f   LIBCMTD:mbctype.obj
 0002:00034a50       __setmbcp_nolock           0046ba50 f   LIBCMTD:mbctype.obj
 0002:00035430       __getmbcp                  0046c430 f   LIBCMTD:mbctype.obj
 0002:000354c0       ___initmbctable            0046c4c0 f   LIBCMTD:mbctype.obj
 0002:000354f0       ___addlocaleref            0046c4f0 f   LIBCMTD:localref.obj
 0002:00035660       ___removelocaleref         0046c660 f   LIBCMTD:localref.obj
 0002:000357e0       ___freetlocinfo            0046c7e0 f   LIBCMTD:localref.obj
 0002:00035b80       __updatetlocinfoEx_nolock  0046cb80 f   LIBCMTD:localref.obj
 0002:00035c20       ___updatetlocinfo          0046cc20 f   LIBCMTD:localref.obj
 0002:00035d20       ____setlc_active_func      0046cd20 f   LIBCMTD:setlocal.obj
 0002:00035d30       ____unguarded_readlc_active_add_func 0046cd30 f   LIBCMTD:setlocal.obj
 0002:00035d40       __configthreadlocale       0046cd40 f   LIBCMTD:setlocal.obj
 0002:00035e90       __locterm                  0046ce90 f   LIBCMTD:setlocal.obj
 0002:00035f50       __free_locale              0046cf50 f   LIBCMTD:setlocal.obj
 0002:000360e0       ___free_locale             0046d0e0 f   LIBCMTD:setlocal.obj
 0002:00036100       __create_locale            0046d100 f   LIBCMTD:setlocal.obj
 0002:000363c0       ___create_locale           0046d3c0 f   LIBCMTD:setlocal.obj
 0002:000363e0       __get_current_locale       0046d3e0 f   LIBCMTD:setlocal.obj
 0002:00036540       ___get_current_locale      0046d540 f   LIBCMTD:setlocal.obj
 0002:00036550       _setlocale                 0046d550 f   LIBCMTD:setlocal.obj
 0002:000377b0       __expandlocale             0046e7b0 f   LIBCMTD:setlocal.obj
 0002:00037b00       ___init_dummy              0046eb00 f   LIBCMTD:setlocal.obj
 0002:00037b10       __strcats                  0046eb10 f   LIBCMTD:setlocal.obj
 0002:00037bb0       ___lc_strtolc              0046ebb0 f   LIBCMTD:setlocal.obj
 0002:00037e30       ___lc_lctostr              0046ee30 f   LIBCMTD:setlocal.obj
 0002:00037ef0       __stbuf                    0046eef0 f   LIBCMTD:_sftbuf.obj
 0002:000380a0       __ftbuf                    0046f0a0 f   LIBCMTD:_sftbuf.obj
 0002:00038150       _vfprintf_helper           0046f150 f   LIBCMTD:vfprintf.obj
 0002:00038490       __vfprintf_l               0046f490 f   LIBCMTD:vfprintf.obj
 0002:000384c0       __vfprintf_s_l             0046f4c0 f   LIBCMTD:vfprintf.obj
 0002:000384f0       __vfprintf_p_l             0046f4f0 f   LIBCMTD:vfprintf.obj
 0002:00038520       _vfprintf                  0046f520 f   LIBCMTD:vfprintf.obj
 0002:00038550       _vfprintf_s                0046f550 f   LIBCMTD:vfprintf.obj
 0002:00038580       __vfprintf_p               0046f580 f   LIBCMTD:vfprintf.obj
 0002:000385b0       __cinit                    0046f5b0 f   LIBCMTD:crt0dat.obj
 0002:00038680       _exit                      0046f680 f   LIBCMTD:crt0dat.obj
 0002:000386a0       __exit                     0046f6a0 f   LIBCMTD:crt0dat.obj
 0002:000386c0       __cexit                    0046f6c0 f   LIBCMTD:crt0dat.obj
 0002:000386e0       __c_exit                   0046f6e0 f   LIBCMTD:crt0dat.obj
 0002:00038700       __amsg_exit                0046f700 f   LIBCMTD:crt0dat.obj
 0002:00038730       ___freeCrtMemory           0046f730 f   LIBCMTD:crt0dat.obj
 0002:00038b40       ___crtCorExitProcess       0046fb40 f   LIBCMTD:crt0dat.obj
 0002:00038b90       ___crtExitProcess          0046fb90 f   LIBCMTD:crt0dat.obj
 0002:00038bc0       __lockexit                 0046fbc0 f   LIBCMTD:crt0dat.obj
 0002:00038be0       __unlockexit               0046fbe0 f   LIBCMTD:crt0dat.obj
 0002:00038c00       __init_pointers            0046fc00 f   LIBCMTD:crt0dat.obj
 0002:00038cb0       __initterm_e               0046fcb0 f   LIBCMTD:crt0dat.obj
 0002:00038d00       __get_wpgmptr              0046fd00 f   LIBCMTD:crt0dat.obj
 0002:00038e30       __get_pgmptr               0046fe30 f   LIBCMTD:crt0dat.obj
 0002:00038f60       ?__CxxUnhandledExceptionFilter@@YGJPAU_EXCEPTION_POINTERS@@@Z 0046ff60 f   LIBCMTD:unhandld.obj
 0002:00038fe0       ___CxxSetUnhandledExceptionFilter 0046ffe0 f   LIBCMTD:unhandld.obj
 0002:00039000       ___security_init_cookie    00470000 f   LIBCMTD:gs_support.obj
 0002:00039120       ___CppXcptFilter           00470120 f   LIBCMTD:winxfltr.obj
 0002:00039150       __XcptFilter               00470150 f   LIBCMTD:winxfltr.obj
 0002:00039440       __wincmdln                 00470440 f   LIBCMTD:wincmdln.obj
 0002:00039540       __setenvp                  00470540 f   LIBCMTD:stdenvp.obj
 0002:00039750       __setargv                  00470750 f   LIBCMTD:stdargv.obj
 0002:000398b0       __set_pgmptr               004708b0 f i LIBCMTD:stdargv.obj
 0002:00039d10       ___crtGetEnvironmentStringsA 00470d10 f   LIBCMTD:a_env.obj
 0002:00039e50       __RTC_Initialize           00470e50 f   LIBCMTD:_initsect_.obj
 0002:00039e80       __RTC_Terminate            00470e80 f   LIBCMTD:_initsect_.obj
 0002:00039eb0       __heap_init                00470eb0 f   LIBCMTD:heapinit.obj
 0002:00039f00       __heap_term                00470f00 f   LIBCMTD:heapinit.obj
 0002:00039f30       __get_heap_handle          00470f30 f   LIBCMTD:heapinit.obj
 0002:00039f70       __FF_MSGBANNER             00470f70 f   LIBCMTD:crt0msg.obj
 0002:00039fd0       __GET_RTERRMSG             00470fd0 f   LIBCMTD:crt0msg.obj
 0002:0003a030       __NMSG_WRITE               00471030 f   LIBCMTD:crt0msg.obj
 0002:0003a430       ?_RTC_GetSrcLine@@YAHPAEPA_WKPAH1K@Z 00471430 f   LIBCMTD:_pdblkup_.obj
 0002:0003ac10       __CrtSetReportHook2        00471c10 f   LIBCMTD:dbgrpt.obj
 0002:0003b000       __CrtDbgReport             00472000 f   LIBCMTD:dbgrpt.obj
 0002:0003b050       __CrtDbgReportV            00472050 f i LIBCMTD:dbgrpt.obj
 0002:0003b080       ___crtMessageWindowA       00472080 f   LIBCMTD:dbgrpt.obj
 0002:0003b580       __lseeki64                 00472580 f   LIBCMTD:lseeki64.obj
 0002:0003b860       __lseeki64_nolock          00472860 f   LIBCMTD:lseeki64.obj
 0002:0003b990       __getbuf                   00472990 f   LIBCMTD:_getbuf.obj
 0002:0003ba90       __isatty                   00472a90 f   LIBCMTD:isatty.obj
 0002:0003bb80       _printf                    00472b80 f   LIBCMTD:printf.obj
 0002:0003bd10       __printf_l                 00472d10 f   LIBCMTD:printf.obj
 0002:0003bd40       __printf_s_l               00472d40 f   LIBCMTD:printf.obj
 0002:0003bd70       _printf_s                  00472d70 f   LIBCMTD:printf.obj
 0002:0003bda0       __printf_p_l               00472da0 f   LIBCMTD:printf.obj
 0002:0003bdd0       __printf_p                 00472dd0 f   LIBCMTD:printf.obj
 0002:0003be00       __set_printf_count_output  00472e00 f   LIBCMTD:printf.obj
 0002:0003be60       __get_printf_count_output  00472e60 f   LIBCMTD:printf.obj
 0002:0003be90       __wctomb_s_l               00472e90 f   LIBCMTD:wctomb.obj
 0002:0003c250       _wctomb_s                  00473250 f   LIBCMTD:wctomb.obj
 0002:0003c280       __wctomb_l                 00473280 f   LIBCMTD:wctomb.obj
 0002:0003c320       _wctomb                    00473320 f   LIBCMTD:wctomb.obj
 0002:0003c380       __aulldiv                  00473380 f   LIBCMTD:ulldiv.obj
 0002:0003c410       __aullrem                  00473410 f   LIBCMTD:ullrem.obj
 0002:0003c4b0       __CrtDefaultAllocHook      004734b0 f   LIBCMTD:dbghook.obj
 0002:0003c4c0       __crt_debugger_hook        004734c0 f   LIBCMTD:dbghook.obj
 0002:0003c4e0       __CrtDbgBreak              004734e0 f   LIBCMTD:dbgrptt.obj
 0002:0003c4f0       __CrtSetReportMode         004734f0 f   LIBCMTD:dbgrptt.obj
 0002:0003c680       __CrtSetReportFile         00473680 f   LIBCMTD:dbgrptt.obj
 0002:0003c7b0       __CrtSetReportHook         004737b0 f   LIBCMTD:dbgrptt.obj
 0002:0003c7e0       __CrtGetReportHook         004737e0 f   LIBCMTD:dbgrptt.obj
 0002:0003c7f0       __VCrtDbgReportA           004737f0 f   LIBCMTD:dbgrptt.obj
 0002:0003d220       __VCrtDbgReportW           00474220 f   LIBCMTD:dbgrptt.obj
 0002:0003dda0       __initp_misc_winsig        00474da0 f   LIBCMTD:winsig.obj
 0002:0003dde0       _signal                    00474de0 f   LIBCMTD:winsig.obj
 0002:0003e390       _raise                     00475390 f   LIBCMTD:winsig.obj
 0002:0003e7e0       ___get_sigabrt             004757e0 f   LIBCMTD:winsig.obj
 0002:0003e800       ___fpecode                 00475800 f   LIBCMTD:winsig.obj
 0002:0003e820       ___pxcptinfoptrs           00475820 f   LIBCMTD:winsig.obj
 0002:0003e840       ___crtMessageBoxW          00475840 f   LIBCMTD:crtmboxw.obj
 0002:0003eaf0       __swprintf                 00475af0 f   LIBCMTD:swprintf.obj
 0002:0003ed70       ___swprintf_l              00475d70 f   LIBCMTD:swprintf.obj
 0002:0003edb0       _swprintf_s                00475db0 f   LIBCMTD:swprintf.obj
 0002:0003edf0       __snwprintf_s              00475df0 f   LIBCMTD:swprintf.obj
 0002:0003ee30       __swprintf_p               00475e30 f   LIBCMTD:swprintf.obj
 0002:0003ee70       __swprintf_s_l             00475e70 f   LIBCMTD:swprintf.obj
 0002:0003eeb0       __snwprintf_s_l            00475eb0 f   LIBCMTD:swprintf.obj
 0002:0003eef0       __swprintf_p_l             00475ef0 f   LIBCMTD:swprintf.obj
 0002:0003ef30       __scwprintf                00475f30 f   LIBCMTD:swprintf.obj
 0002:0003ef60       __scwprintf_p              00475f60 f   LIBCMTD:swprintf.obj
 0002:0003ef90       __scwprintf_l              00475f90 f   LIBCMTD:swprintf.obj
 0002:0003efc0       __scwprintf_p_l            00475fc0 f   LIBCMTD:swprintf.obj
 0002:0003eff0       _wcscpy_s                  00475ff0 f   LIBCMTD:wcscpy_s.obj
 0002:0003f390       __alloca_probe             00476390     LIBCMTD:chkstk.obj
 0002:0003f390       __chkstk                   00476390 f   LIBCMTD:chkstk.obj
 0002:0003f3d0       _strtol                    004763d0 f   LIBCMTD:strtol.obj
 0002:0003fa50       __strtol_l                 00476a50 f   LIBCMTD:strtol.obj
 0002:0003fa80       _strtoul                   00476a80 f   LIBCMTD:strtol.obj
 0002:0003fae0       __strtoul_l                00476ae0 f   LIBCMTD:strtol.obj
 0002:0003fb10       __output_s_l               00476b10 f   LIBCMTD:outputs.obj
 0002:00041640       ?_ValidateRead@@YAHPBXI@Z  00478640 f   LIBCMTD:validate.obj
 0002:00041670       ?_ValidateWrite@@YAHPAXI@Z 00478670 f   LIBCMTD:validate.obj
 0002:000416a0       ?_ValidateExecute@@YAHP6GHXZ@Z 004786a0 f   LIBCMTD:validate.obj
 0002:000416d0       _memmove                   004786d0 f   LIBCMTD:memmove.obj
 0002:00041b10       __global_unwind2           00478b10 f   LIBCMTD:exsup.obj
 0002:00041b75       __local_unwind2            00478b75 f   LIBCMTD:exsup.obj
 0002:00041bf9       __abnormal_termination     00478bf9 f   LIBCMTD:exsup.obj
 0002:00041c1c       __NLG_Notify1              00478c1c f   LIBCMTD:exsup.obj
 0002:00041c25       __NLG_Notify               00478c25 f   LIBCMTD:exsup.obj
 0002:00041c3c       __NLG_Dispatch             00478c3c     LIBCMTD:exsup.obj
 0002:00041c3c       __NLG_Dispatch2            00478c3c     LIBCMTD:exsup.obj
 0002:00041c44       __NLG_Call                 00478c44 f   LIBCMTD:exsup.obj
 0002:00041c46       __NLG_Return2              00478c46     LIBCMTD:exsup.obj
 0002:00041ca0       _abort                     00478ca0 f   LIBCMTD:abort.obj
 0002:00041d20       __set_abort_behavior       00478d20 f   LIBCMTD:abort.obj
 0002:00041d60       __malloc_base              00478d60 f   LIBCMTD:malloc.obj
 0002:00041e10       __heap_alloc_base          00478e10 f i LIBCMTD:malloc.obj
 0002:00041e80       __expand_base              00478e80 f   LIBCMTD:expand.obj
 0002:00042030       __realloc_base             00479030 f   LIBCMTD:realloc.obj
 0002:00042170       __free_base                00479170 f   LIBCMTD:free.obj
 0002:000421e0       __heapchk                  004791e0 f   LIBCMTD:heapchk.obj
 0002:00042220       __heapset                  00479220 f   LIBCMTD:heapchk.obj
 0002:00042230       __ValidateImageBase        00479230 f   LIBCMTD:pesect.obj
 0002:000422b0       __FindPESection            004792b0 f   LIBCMTD:pesect.obj
 0002:00042350       __IsNonwritableInCurrentImage 00479350 f   LIBCMTD:pesect.obj
 0002:000424b0       _strcpy_s                  004794b0 f   LIBCMTD:strcpy_s.obj
 0002:00042840       ___unDName                 00479840 f   LIBCMTD:undname.obj
 0002:00042950       ?Constructor@_HeapManager@@QAEXP6APAXI@ZP6AXPAX@Z@Z 00479950 f i LIBCMTD:undname.obj
 0002:000429a0       ?Destructor@_HeapManager@@QAEXXZ 004799a0 f i LIBCMTD:undname.obj
 0002:00042a00       ___unDNameEx               00479a00 f   LIBCMTD:undname.obj
 0002:00042b10       ??0UnDecorator@@QAE@PADPBDHP6APADJ@ZK@Z 00479b10 f i LIBCMTD:undname.obj
 0002:00042bd0       ??BUnDecorator@@QAEPADXZ   00479bd0 f i LIBCMTD:undname.obj
 0002:00042e90       ?dbGetString@DName@@QBEPADXZ 00479e90 f   LIBCMTD:undname.obj
 0002:00042ec0       ?getDecoratedName@UnDecorator@@CA?AVDName@@XZ 00479ec0 f   LIBCMTD:undname.obj
 0002:000432a0       ?getSymbolName@UnDecorator@@CA?AVDName@@XZ 0047a2a0 f i LIBCMTD:undname.obj
 0002:00043330       ?getZName@UnDecorator@@CA?AVDName@@_N0@Z 0047a330 f   LIBCMTD:undname.obj
 0002:00043680       ?getOperatorName@UnDecorator@@CA?AVDName@@_NPA_N@Z 0047a680 f i LIBCMTD:undname.obj
 0002:00044240       ?getStringEncoding@UnDecorator@@CA?AVDName@@PADH@Z 0047b240 f   LIBCMTD:undname.obj
 0002:00044380       ?getScope@UnDecorator@@CA?AVDName@@XZ 0047b380 f   LIBCMTD:undname.obj
 0002:00044850       ?getSignedDimension@UnDecorator@@CA?AVDName@@XZ 0047b850 f   LIBCMTD:undname.obj
 0002:000448f0       ?getDimension@UnDecorator@@CA?AVDName@@_N@Z 0047b8f0 f   LIBCMTD:undname.obj
 0002:00044c50       ?getNumberOfDimensions@UnDecorator@@CAHXZ 0047bc50 f   LIBCMTD:undname.obj
 0002:00044d90       ?getTemplateName@UnDecorator@@CA?AVDName@@_N@Z 0047bd90 f   LIBCMTD:undname.obj
 0002:00044fc0       ?getTemplateArgumentList@UnDecorator@@CA?AVDName@@XZ 0047bfc0 f   LIBCMTD:undname.obj
 0002:000452e0       ?getTemplateConstant@UnDecorator@@CA?AVDName@@XZ 0047c2e0 f   LIBCMTD:undname.obj
 0002:00045890       ?composeDeclaration@UnDecorator@@CA?AVDName@@ABV2@@Z 0047c890 f i LIBCMTD:undname.obj
 0002:00047400       ?getTypeEncoding@UnDecorator@@CAHXZ 0047e400 f i LIBCMTD:undname.obj
 0002:000480d0       ?getBasedType@UnDecorator@@CA?AVDName@@XZ 0047f0d0 f   LIBCMTD:undname.obj
 0002:000481c0       ?getScopedName@UnDecorator@@CA?AVDName@@XZ 0047f1c0 f   LIBCMTD:undname.obj
 0002:00048320       ?getCallingConvention@UnDecorator@@CA?AVDName@@XZ 0047f320 f   LIBCMTD:undname.obj
 0002:000484f0       ?getReturnType@UnDecorator@@CA?AVDName@@PAV2@@Z 0047f4f0 f   LIBCMTD:undname.obj
 0002:00048550       ?getDataType@UnDecorator@@CA?AVDName@@PAV2@@Z 0047f550 f   LIBCMTD:undname.obj
 0002:000486b0       ?getPrimaryDataType@UnDecorator@@CA?AVDName@@ABV2@@Z 0047f6b0 f   LIBCMTD:undname.obj
 0002:00048b30       ?getArgumentTypes@UnDecorator@@CA?AVDName@@XZ 0047fb30 f   LIBCMTD:undname.obj
 0002:00048ce0       ?getArgumentList@UnDecorator@@CA?AVDName@@XZ 0047fce0 f   LIBCMTD:undname.obj
 0002:00048e80       ?getThrowTypes@UnDecorator@@CA?AVDName@@XZ 0047fe80 f   LIBCMTD:undname.obj
 0002:00048f60       ?getBasicDataType@UnDecorator@@CA?AVDName@@ABV2@@Z 0047ff60 f   LIBCMTD:undname.obj
 0002:00049690       ?getECSUDataType@UnDecorator@@CA?AVDName@@XZ 00480690 f   LIBCMTD:undname.obj
 0002:000498e0       ?getECSUName@UnDecorator@@CA?AVDName@@XZ 004808e0 f i LIBCMTD:undname.obj
 0002:00049900       ?getEnumType@UnDecorator@@CA?AVDName@@XZ 00480900 f i LIBCMTD:undname.obj
 0002:00049aa0       ?getFunctionIndirectType@UnDecorator@@CA?AVDName@@ABV2@@Z 00480aa0 f   LIBCMTD:undname.obj
 0002:00049ff0       ?getPtrRefType@UnDecorator@@CA?AVDName@@ABV2@0PBD@Z 00480ff0 f   LIBCMTD:undname.obj
 0002:0004a1b0       ?getExtendedDataIndirectType@UnDecorator@@CA?AVDName@@AAPBDAA_NH@Z 004811b0 f   LIBCMTD:undname.obj
 0002:0004a460       ?getDataIndirectType@UnDecorator@@CA?AVDName@@ABV2@PBD0H@Z 00481460 f   LIBCMTD:undname.obj
 0002:0004ad20       ?getPtrRefDataType@UnDecorator@@CA?AVDName@@ABV2@H@Z 00481d20 f i LIBCMTD:undname.obj
 0002:0004aeb0       ?getArrayType@UnDecorator@@CA?AVDName@@ABV2@@Z 00481eb0 f i LIBCMTD:undname.obj
 0002:0004b170       ?getLexicalFrame@UnDecorator@@CA?AVDName@@XZ 00482170 f i LIBCMTD:undname.obj
 0002:0004b1c0       ?getThisType@UnDecorator@@CA?AVDName@@XZ 004821c0 f i LIBCMTD:undname.obj
 0002:0004b210       ?getPointerType@UnDecorator@@CA?AVDName@@ABV2@0@Z 00482210 f i LIBCMTD:undname.obj
 0002:0004b250       ?getPointerTypeArray@UnDecorator@@CA?AVDName@@ABV2@0@Z 00482250 f i LIBCMTD:undname.obj
 0002:0004b290       ?getReferenceType@UnDecorator@@CA?AVDName@@ABV2@0PBD@Z 00482290 f i LIBCMTD:undname.obj
 0002:0004b2c0       ?getDisplacement@UnDecorator@@CA?AVDName@@XZ 004822c0 f i LIBCMTD:undname.obj
 0002:0004b2e0       ?getCallIndex@UnDecorator@@CA?AVDName@@XZ 004822e0 f i LIBCMTD:undname.obj
 0002:0004b300       ?getGuardNumber@UnDecorator@@CA?AVDName@@XZ 00482300 f i LIBCMTD:undname.obj
 0002:0004b320       ?getVbTableType@UnDecorator@@CA?AVDName@@ABV2@@Z 00482320 f i LIBCMTD:undname.obj
 0002:0004b340       ?getVCallThunkType@UnDecorator@@CA?AVDName@@XZ 00482340 f i LIBCMTD:undname.obj
[...]
 0004:000021e4       __C_Termination_Done       004c11e4     LIBCMTD:crt0dat.obj
 0004:000021e8       __C_Exit_Done              004c11e8     LIBCMTD:crt0dat.obj
 0004:0000233c       __crtheap                  004c133c     LIBCMTD:heapinit.obj
 0004:00002af4       ?pArgList@UnDecorator@@0PAVReplicator@@A 004c1af4     LIBCMTD:undname.obj
 0004:00002af8       ?pZNameList@UnDecorator@@0PAVReplicator@@A 004c1af8     LIBCMTD:undname.obj
 0004:00002afc       ?pTemplateArgList@UnDecorator@@0PAVReplicator@@A 004c1afc     LIBCMTD:undname.obj
 0004:00002b00       ?gName@UnDecorator@@0PBDB  004c1b00     LIBCMTD:undname.obj
 0004:00002b04       ?name@UnDecorator@@0PBDB   004c1b04     LIBCMTD:undname.obj
 0004:00002b08       ?outputString@UnDecorator@@0PADA 004c1b08     LIBCMTD:undname.obj
 0004:00002b0c       ?maxStringLength@UnDecorator@@0HA 004c1b0c     LIBCMTD:undname.obj
 0004:00002b10       ?disableFlags@UnDecorator@@0KA 004c1b10     LIBCMTD:undname.obj
 0004:00002b14       ?m_pGetParameter@UnDecorator@@0P6APADJ@ZA 004c1b14     LIBCMTD:undname.obj
 0004:00002b18       ?fExplicitTemplateParams@UnDecorator@@0_NA 004c1b18     LIBCMTD:undname.obj
 0004:00002b19       ?fGetTemplateArgumentList@UnDecorator@@0_NA 004c1b19     LIBCMTD:undname.obj
 0004:00002b88       ?nodes@?1??make@DNameStatusNode@@SAPAV2@W4DNameStatus@@@Z@4PAV2@A 004c1b88     LIBCMTD:undname.obj
 0004:00002bc4       ??_B?1??make@DNameStatusNode@@SAPAV1@W4DNameStatus@@@Z@51 004c1bc4     LIBCMTD:undname.obj
 0004:00002bc8       __outputformat             004c1bc8     LIBCMTD:outputformat.obj
 0004:00002bcc       __commode                  004c1bcc     LIBCMTD:ncommode.obj
 0004:00002bd0       ___lconv_static_null       004c1bd0     LIBCMTD:lconv.obj
 0004:00002bd4       ___lconv_static_W_null     004c1bd4     LIBCMTD:lconv.obj
 0004:00002bdc       ___pPurecall               004c1bdc     LIBCMTD:inithelp.obj
 0004:00002bf8       __fmode                    004c1bf8     LIBCMTD:txtmode.obj
 0004:00002bfc       __pfnReportHook            004c1bfc     <common>
 0004:00002c0c       __pReportHookListW         004c1c0c     <common>
 0004:00002c10       __pReportHookList          004c1c10     <common>
 0004:00002c14       __debugger_hook_dummy      004c1c14     <common>
 0004:00002c20       ___env_initialized         004c1c20     <common>
 0004:00002c30       ___onexitend               004c1c30     <common>
 0004:00002c34       ___onexitbegin             004c1c34     <common>
 0004:00002c38       ___mbctype_initialized     004c1c38     <common>
 0004:00002c3c       ___dyn_tls_init_callback   004c1c3c     <common>
 0004:00002c40       ___setlc_active            004c1c40     <common>
 0004:00002c50       ___unguarded_readlc_active 004c1c50     <common>
 0004:00002c54       __nhandle                  004c1c54     <common>
 0004:00002ca0       ___pioinfo                 004c1ca0     <common>
 0004:00002da0       ___piob                    004c1da0     <common>
 0004:000030e0       __bufin                    004c20e0     <common>
 0004:000040e0       __nstream                  004c30e0     <common>
 0004:000040e4       ___sse2_available          004c30e4     <common>
 0004:000040f0       __acmdln                   004c30f0     <common>
 0004:00004100       __NoHeapEnableTerminationOnCorruption 004c3100     <common>
 0005:00000000       __IMPORT_DESCRIPTOR_KERNEL32 004c4000     kernel32:KERNEL32.dll
 0005:00000014       __IMPORT_DESCRIPTOR_USER32 004c4014     user32:USER32.dll
 0005:00000028       __IMPORT_DESCRIPTOR_WS2_32 004c4028     ws2_32:WS2_32.dll
 0005:0000003c       __IMPORT_DESCRIPTOR_ADVAPI32 004c403c     advapi32:ADVAPI32.dll
 0005:00000050       __IMPORT_DESCRIPTOR_SHELL32 004c4050     shell32:SHELL32.dll
 0005:00000064       __IMPORT_DESCRIPTOR_ole32  004c4064     ole32:ole32.dll
 0005:00000078       __IMPORT_DESCRIPTOR_gdiplus 004c4078     gdiplus:gdiplus.dll
 0005:0000008c       __IMPORT_DESCRIPTOR_COMCTL32 004c408c     comctl32:COMCTL32.dll
 0005:000000a0       __NULL_IMPORT_DESCRIPTOR   004c40a0     kernel32:KERNEL32.dll
 0005:00000578       __imp__RegQueryValueExW@24 004c4578     advapi32:ADVAPI32.dll
 0005:0000057c       __imp__RegCreateKeyExW@36  004c457c     advapi32:ADVAPI32.dll
 0005:00000580       __imp__RegSetValueExW@24   004c4580     advapi32:ADVAPI32.dll
 0005:00000584       __imp__RegCloseKey@4       004c4584     advapi32:ADVAPI32.dll
 0005:00000588       \177ADVAPI32_NULL_THUNK_DATA 004c4588     advapi32:ADVAPI32.dll
 0005:000005b4       __imp__InitCommonControlsEx@4 004c45b4     comctl32:COMCTL32.dll
 0005:000005b8       \177COMCTL32_NULL_THUNK_DATA 004c45b8     comctl32:COMCTL32.dll
 0005:000005e4       __imp__LockResource@4      004c45e4     kernel32:KERNEL32.dll
 0005:000005e8       __imp__LoadResource@8      004c45e8     kernel32:KERNEL32.dll
 0005:000005ec       __imp__FindResourceW@12    004c45ec     kernel32:KERNEL32.dll
 0005:000005f0       __imp__GetModuleHandleExW@12 004c45f0     kernel32:KERNEL32.dll
 0005:000005f4       __imp__Sleep@4             004c45f4     kernel32:KERNEL32.dll
 0005:000005f8       __imp__GetLogicalDrives@0  004c45f8     kernel32:KERNEL32.dll
 0005:000005fc       __imp__SetErrorMode@4      004c45fc     kernel32:KERNEL32.dll
 0005:00000600       __imp__GetDiskFreeSpaceExW@16 004c4600     kernel32:KERNEL32.dll
 0005:00000604       __imp__SetThreadPriority@8 004c4604     kernel32:KERNEL32.dll
 0005:00000608       __imp__GetCurrentThread@0  004c4608     kernel32:KERNEL32.dll
 0005:0000060c       __imp__FindClose@4         004c460c     kernel32:KERNEL32.dll
 0005:00000610       __imp__FindNextFileW@8     004c4610     kernel32:KERNEL32.dll
 0005:00000614       __imp__FindFirstFileW@8    004c4614     kernel32:KERNEL32.dll
 0005:00000618       __imp__CreateThread@24     004c4618     kernel32:KERNEL32.dll
 0005:0000061c       __imp__GetPrivateProfileStringW@24 004c461c     kernel32:KERNEL32.dll
 0005:00000620       __imp__CloseHandle@4       004c4620     kernel32:KERNEL32.dll
 0005:00000624       __imp__WaitForSingleObject@8 004c4624     kernel32:KERNEL32.dll
 0005:00000628       __imp__GetSystemTime@4     004c4628     kernel32:KERNEL32.dll
 0005:0000062c       __imp__DeleteFileW@4       004c462c     kernel32:KERNEL32.dll
 0005:00000630       __imp__RemoveDirectoryW@4  004c4630     kernel32:KERNEL32.dll
 0005:00000634       __imp__CreateFileW@28      004c4634     kernel32:KERNEL32.dll
 0005:00000638       __imp__GetDriveTypeW@4     004c4638     kernel32:KERNEL32.dll
 0005:0000063c       __imp__DeviceIoControl@32  004c463c     kernel32:KERNEL32.dll
 0005:00000640       __imp__FlushFileBuffers@4  004c4640     kernel32:KERNEL32.dll
 0005:00000644       __imp__EnterCriticalSection@4 004c4644     kernel32:KERNEL32.dll
 0005:00000648       __imp__LeaveCriticalSection@4 004c4648     kernel32:KERNEL32.dll
 0005:0000064c       __imp__DeleteCriticalSection@4 004c464c     kernel32:KERNEL32.dll
 0005:00000650       __imp__InitializeCriticalSectionAndSpinCount@8 004c4650     kernel32:KERNEL32.dll
 0005:00000654       __imp__CreateDirectoryA@8  004c4654     kernel32:KERNEL32.dll
 0005:00000658       __imp__SetEndOfFile@4      004c4658     kernel32:KERNEL32.dll
 0005:0000065c       __imp__InterlockedExchange@8 004c465c     kernel32:KERNEL32.dll
 0005:00000660       __imp__GetLocaleInfoW@16   004c4660     kernel32:KERNEL32.dll
 0005:00000664       __imp__GetUserDefaultLCID@0 004c4664     kernel32:KERNEL32.dll
 0005:00000668       __imp__EnumSystemLocalesA@8 004c4668     kernel32:KERNEL32.dll
 0005:0000066c       __imp__IsValidLocale@8     004c466c     kernel32:KERNEL32.dll
 0005:00000670       __imp__GetLocaleInfoA@16   004c4670     kernel32:KERNEL32.dll
 0005:00000674       __imp__GetStringTypeW@16   004c4674     kernel32:KERNEL32.dll
 0005:00000678       __imp__CreateFileA@28      004c4678     kernel32:KERNEL32.dll
 0005:0000067c       __imp__SetStdHandle@8      004c467c     kernel32:KERNEL32.dll
 0005:00000680       __imp__HeapQueryInformation@20 004c4680     kernel32:KERNEL32.dll
 0005:00000684       __imp__HeapSize@12         004c4684     kernel32:KERNEL32.dll
 0005:00000688       __imp__HeapReAlloc@16      004c4688     kernel32:KERNEL32.dll
 0005:0000068c       __imp__SetConsoleCtrlHandler@8 004c468c     kernel32:KERNEL32.dll
 0005:00000690       __imp__WriteConsoleW@20    004c4690     kernel32:KERNEL32.dll
 0005:00000694       __imp__OutputDebugStringA@4 004c4694     kernel32:KERNEL32.dll
 0005:00000698       __imp__FreeLibrary@4       004c4698     kernel32:KERNEL32.dll
 0005:0000069c       __imp__VirtualQuery@12     004c469c     kernel32:KERNEL32.dll
 0005:000006a0       __imp__GetProcessHeap@0    004c46a0     kernel32:KERNEL32.dll
 0005:000006a4       __imp__HeapAlloc@12        004c46a4     kernel32:KERNEL32.dll
 0005:000006a8       __imp__SizeofResource@8    004c46a8     kernel32:KERNEL32.dll
 0005:000006ac       __imp__HeapDestroy@4       004c46ac     kernel32:KERNEL32.dll
 0005:000006b0       __imp__HeapCreate@12       004c46b0     kernel32:KERNEL32.dll
 0005:000006b4       __imp__GetEnvironmentStringsW@0 004c46b4     kernel32:KERNEL32.dll
 0005:000006b8       __imp__FreeEnvironmentStringsW@4 004c46b8     kernel32:KERNEL32.dll
 0005:000006bc       __imp__GetModuleFileNameA@12 004c46bc     kernel32:KERNEL32.dll
 0005:000006c0       __imp__GetSystemTimeAsFileTime@4 004c46c0     kernel32:KERNEL32.dll
 0005:000006c4       __imp__GetCurrentProcessId@0 004c46c4     kernel32:KERNEL32.dll
 0005:000006c8       __imp__GetTickCount@0      004c46c8     kernel32:KERNEL32.dll
 0005:000006cc       __imp__QueryPerformanceCounter@4 004c46cc     kernel32:KERNEL32.dll
 0005:000006d0       __imp__ExitProcess@4       004c46d0     kernel32:KERNEL32.dll
 0005:000006d4       __imp__IsValidCodePage@4   004c46d4     kernel32:KERNEL32.dll
 0005:000006d8       __imp__GetCPInfo@8         004c46d8     kernel32:KERNEL32.dll
 0005:000006dc       __imp__GetOEMCP@0          004c46dc     kernel32:KERNEL32.dll
 0005:000006e0       __imp__GetACP@0            004c46e0     kernel32:KERNEL32.dll
 0005:000006e4       __imp__LCMapStringW@24     004c46e4     kernel32:KERNEL32.dll
 0005:000006e8       __imp__GetFileType@4       004c46e8     kernel32:KERNEL32.dll
 0005:000006ec       __imp__GetStdHandle@4      004c46ec     kernel32:KERNEL32.dll
 0005:000006f0       __imp__SetHandleCount@4    004c46f0     kernel32:KERNEL32.dll
 0005:000006f4       __imp__SetFilePointer@16   004c46f4     kernel32:KERNEL32.dll
 0005:000006f8       __imp__ReadFile@20         004c46f8     kernel32:KERNEL32.dll
 0005:000006fc       __imp__GetConsoleMode@8    004c46fc     kernel32:KERNEL32.dll
 0005:00000700       __imp__GetConsoleCP@0      004c4700     kernel32:KERNEL32.dll
 0005:00000704       __imp__WriteFile@20        004c4704     kernel32:KERNEL32.dll
 0005:00000708       __imp__IsProcessorFeaturePresent@4 004c4708     kernel32:KERNEL32.dll
 0005:0000070c       __imp__IsBadReadPtr@8      004c470c     kernel32:KERNEL32.dll
 0005:00000710       __imp__HeapValidate@12     004c4710     kernel32:KERNEL32.dll
 0005:00000714       __imp__FatalAppExitA@8     004c4714     kernel32:KERNEL32.dll
 0005:00000718       __imp__WideCharToMultiByte@32 004c4718     kernel32:KERNEL32.dll
 0005:0000071c       __imp__GetModuleFileNameW@12 004c471c     kernel32:KERNEL32.dll
 0005:00000720       __imp__FileTimeToSystemTime@8 004c4720     kernel32:KERNEL32.dll
 0005:00000724       __imp__SystemTimeToFileTime@8 004c4724     kernel32:KERNEL32.dll
 0005:00000728       __imp__MultiByteToWideChar@24 004c4728     kernel32:KERNEL32.dll
 0005:0000072c       __imp__InterlockedDecrement@4 004c472c     kernel32:KERNEL32.dll
 0005:00000730       __imp__SetLastError@4      004c4730     kernel32:KERNEL32.dll
 0005:00000734       __imp__InterlockedIncrement@4 004c4734     kernel32:KERNEL32.dll
 0005:00000738       __imp__GetModuleHandleW@4  004c4738     kernel32:KERNEL32.dll
 0005:0000073c       __imp__TlsFree@4           004c473c     kernel32:KERNEL32.dll
 0005:00000740       __imp__GetCurrentThreadId@0 004c4740     kernel32:KERNEL32.dll
 0005:00000744       __imp__RemoveDirectoryA@4  004c4744     kernel32:KERNEL32.dll
 0005:00000748       __imp__TlsSetValue@8       004c4748     kernel32:KERNEL32.dll
 0005:0000074c       __imp__TlsGetValue@4       004c474c     kernel32:KERNEL32.dll
 0005:00000750       __imp__TlsAlloc@0          004c4750     kernel32:KERNEL32.dll
 0005:00000754       __imp__SetUnhandledExceptionFilter@4 004c4754     kernel32:KERNEL32.dll
 0005:00000758       __imp__UnhandledExceptionFilter@4 004c4758     kernel32:KERNEL32.dll
 0005:0000075c       __imp__GetCurrentProcess@0 004c475c     kernel32:KERNEL32.dll
 0005:00000760       __imp__TerminateProcess@8  004c4760     kernel32:KERNEL32.dll
 0005:00000764       __imp__LoadLibraryW@4      004c4764     kernel32:KERNEL32.dll
 0005:00000768       __imp__GetProcAddress@8    004c4768     kernel32:KERNEL32.dll
 0005:0000076c       __imp__lstrlenA@4          004c476c     kernel32:KERNEL32.dll
 0005:00000770       __imp__RaiseException@16   004c4770     kernel32:KERNEL32.dll
 0005:00000774       __imp__IsDebuggerPresent@0 004c4774     kernel32:KERNEL32.dll
 0005:00000778       __imp__GetStartupInfoW@4   004c4778     kernel32:KERNEL32.dll
 0005:0000077c       __imp__HeapSetInformation@16 004c477c     kernel32:KERNEL32.dll
 0005:00000780       __imp__GetCommandLineA@0   004c4780     kernel32:KERNEL32.dll
 0005:00000784       __imp__DecodePointer@4     004c4784     kernel32:KERNEL32.dll
 0005:00000788       __imp__HeapFree@12         004c4788     kernel32:KERNEL32.dll
 0005:0000078c       __imp__OutputDebugStringW@4 004c478c     kernel32:KERNEL32.dll
 0005:00000790       __imp__RtlUnwind@16        004c4790     kernel32:KERNEL32.dll
 0005:00000794       __imp__GetLastError@0      004c4794     kernel32:KERNEL32.dll
 0005:00000798       __imp__MoveFileA@8         004c4798     kernel32:KERNEL32.dll
 0005:0000079c       __imp__DeleteFileA@4       004c479c     kernel32:KERNEL32.dll
 0005:000007a0       __imp__EncodePointer@4     004c47a0     kernel32:KERNEL32.dll
 0005:000007a4       \177KERNEL32_NULL_THUNK_DATA 004c47a4     kernel32:KERNEL32.dll
 0005:00000828       __imp__SHGetPathFromIDListW@8 004c4828     shell32:SHELL32.dll
 0005:0000082c       __imp__SHFileOperationW@4  004c482c     shell32:SHELL32.dll
 0005:00000830       __imp__SHBrowseForFolderW@4 004c4830     shell32:SHELL32.dll
 0005:00000834       \177SHELL32_NULL_THUNK_DATA 004c4834     shell32:SHELL32.dll
 0005:00000860       __imp__CallWindowProcW@20  004c4860     user32:USER32.dll
 0005:00000864       __imp__IsWindow@4          004c4864     user32:USER32.dll
 0005:00000868       __imp__DispatchMessageW@4  004c4868     user32:USER32.dll
 0005:0000086c       __imp__TranslateMessage@4  004c486c     user32:USER32.dll
 0005:00000870       __imp__GetMessageW@16      004c4870     user32:USER32.dll
 0005:00000874       __imp__EndDialog@8         004c4874     user32:USER32.dll
 0005:00000878       __imp__RemovePropW@8       004c4878     user32:USER32.dll
 0005:0000087c       __imp__IsDialogMessageW@8  004c487c     user32:USER32.dll
 0005:00000880       __imp__ShowWindow@8        004c4880     user32:USER32.dll
 0005:00000884       __imp__EnableWindow@8      004c4884     user32:USER32.dll
 0005:00000888       __imp__GetParent@4         004c4888     user32:USER32.dll
 0005:0000088c       __imp__SetDlgItemTextW@12  004c488c     user32:USER32.dll
 0005:00000890       __imp__DialogBoxParamW@20  004c4890     user32:USER32.dll
 0005:00000894       __imp__GetPropW@8          004c4894     user32:USER32.dll
 0005:00000898       __imp__DefWindowProcW@16   004c4898     user32:USER32.dll
 0005:0000089c       __imp__SetPropW@12         004c489c     user32:USER32.dll
 0005:000008a0       __imp__DestroyWindow@4     004c48a0     user32:USER32.dll
 0005:000008a4       __imp__LoadCursorW@8       004c48a4     user32:USER32.dll
 0005:000008a8       __imp__SetTimer@16         004c48a8     user32:USER32.dll
 0005:000008ac       __imp__SetDlgItemInt@16    004c48ac     user32:USER32.dll
 0005:000008b0       __imp__SendMessageA@16     004c48b0     user32:USER32.dll
 0005:000008b4       __imp__LoadIconW@8         004c48b4     user32:USER32.dll
 0005:000008b8       __imp__AppendMenuW@16      004c48b8     user32:USER32.dll
 0005:000008bc       __imp__GetSystemMenu@8     004c48bc     user32:USER32.dll
 0005:000008c0       __imp__GetDlgItemInt@16    004c48c0     user32:USER32.dll
 0005:000008c4       __imp__GetDlgItem@8        004c48c4     user32:USER32.dll
 0005:000008c8       __imp__SendDlgItemMessageW@20 004c48c8     user32:USER32.dll
 0005:000008cc       __imp__KillTimer@8         004c48cc     user32:USER32.dll
 0005:000008d0       __imp__CreateDialogParamW@20 004c48d0     user32:USER32.dll
 0005:000008d4       __imp__wsprintfW           004c48d4     user32:USER32.dll
 0005:000008d8       __imp__MessageBoxW@16      004c48d8     user32:USER32.dll
 0005:000008dc       __imp__GetDlgItemTextW@16  004c48dc     user32:USER32.dll
 0005:000008e0       __imp__SetCursor@4         004c48e0     user32:USER32.dll
 0005:000008e4       __imp__ShowCursor@4        004c48e4     user32:USER32.dll
 0005:000008e8       __imp__IsDlgButtonChecked@8 004c48e8     user32:USER32.dll
 0005:000008ec       __imp__CheckDlgButton@12   004c48ec     user32:USER32.dll
 0005:000008f0       __imp__SetWindowTextW@8    004c48f0     user32:USER32.dll
 0005:000008f4       __imp__SetWindowLongW@12   004c48f4     user32:USER32.dll
 0005:000008f8       \177USER32_NULL_THUNK_DATA 004c48f8     user32:USER32.dll
 0005:00000940       __imp__closesocket@4       004c4940     ws2_32:WS2_32.dll
 0005:00000944       __imp__connect@12          004c4944     ws2_32:WS2_32.dll
 0005:00000948       __imp__socket@12           004c4948     ws2_32:WS2_32.dll
 0005:0000094c       __imp__freeaddrinfo@4      004c494c     ws2_32:WS2_32.dll
 0005:00000950       __imp__getaddrinfo@16      004c4950     ws2_32:WS2_32.dll
 0005:00000954       __imp__WSAGetLastError@0   004c4954     ws2_32:WS2_32.dll
 0005:00000958       __imp__send@16             004c4958     ws2_32:WS2_32.dll
 0005:0000095c       __imp__recv@16             004c495c     ws2_32:WS2_32.dll
 0005:00000960       __imp__select@20           004c4960     ws2_32:WS2_32.dll
 0005:00000964       \177WS2_32_NULL_THUNK_DATA 004c4964     ws2_32:WS2_32.dll
 0005:00000994       __imp__GdipAlloc@4         004c4994     gdiplus:gdiplus.dll
 0005:00000998       __imp__GdipCreateBitmapFromStream@8 004c4998     gdiplus:gdiplus.dll
 0005:0000099c       __imp__GdipCreateBitmapFromStreamICM@8 004c499c     gdiplus:gdiplus.dll
 0005:000009a0       __imp__GdipDisposeImage@4  004c49a0     gdiplus:gdiplus.dll
 0005:000009a4       __imp__GdipCloneImage@8    004c49a4     gdiplus:gdiplus.dll
 0005:000009a8       __imp__GdipGetImageWidth@8 004c49a8     gdiplus:gdiplus.dll
 0005:000009ac       __imp__GdipGetImageHeight@8 004c49ac     gdiplus:gdiplus.dll
 0005:000009b0       __imp__GdipCreateBitmapFromScan0@24 004c49b0     gdiplus:gdiplus.dll
 0005:000009b4       __imp__GdipBitmapLockBits@20 004c49b4     gdiplus:gdiplus.dll
 0005:000009b8       __imp__GdipBitmapUnlockBits@8 004c49b8     gdiplus:gdiplus.dll
 0005:000009bc       __imp__GdipGetImageEncodersSize@8 004c49bc     gdiplus:gdiplus.dll
 0005:000009c0       __imp__GdipGetImageEncoders@12 004c49c0     gdiplus:gdiplus.dll
 0005:000009c4       __imp__GdipSaveImageToFile@16 004c49c4     gdiplus:gdiplus.dll
 0005:000009c8       __imp__GdiplusStartup@12   004c49c8     gdiplus:gdiplus.dll
 0005:000009cc       __imp__GdiplusShutdown@4   004c49cc     gdiplus:gdiplus.dll
 0005:000009d0       __imp__GdipFree@4          004c49d0     gdiplus:gdiplus.dll
 0005:000009d4       \177gdiplus_NULL_THUNK_DATA 004c49d4     gdiplus:gdiplus.dll
 0005:00000a0c       __imp__CoTaskMemFree@4     004c4a0c     ole32:ole32.dll
 0005:00000a10       \177ole32_NULL_THUNK_DATA  004c4a10     ole32:ole32.dll

 entry point at        0002:00001333

